ARM Linker, 5.03 [Build 76] [MDK-ARM Standard]

==============================================================================

Section Cross References

    stm32lib_include.o(i.ADC_DeInit) refers to stm32lib_include.o(i.RCC_APB2PeriphResetCmd) for RCC_APB2PeriphResetCmd
    stm32lib_include.o(i.BKP_DeInit) refers to stm32lib_include.o(i.RCC_BackupResetCmd) for RCC_BackupResetCmd
    stm32lib_include.o(i.CAN_DeInit) refers to stm32lib_include.o(i.RCC_APB1PeriphResetCmd) for RCC_APB1PeriphResetCmd
    stm32lib_include.o(i.CAN_GetITStatus) refers to stm32lib_include.o(i.CheckITStatus) for CheckITStatus
    stm32lib_include.o(i.CEC_DeInit) refers to stm32lib_include.o(i.RCC_APB1PeriphResetCmd) for RCC_APB1PeriphResetCmd
    stm32lib_include.o(i.DAC_DeInit) refers to stm32lib_include.o(i.RCC_APB1PeriphResetCmd) for RCC_APB1PeriphResetCmd
    stm32lib_include.o(i.FLASH_EnableWriteProtection) refers to stm32lib_include.o(i.FLASH_WaitForLastOperation) for FLASH_WaitForLastOperation
    stm32lib_include.o(i.FLASH_EraseAllBank1Pages) refers to stm32lib_include.o(i.FLASH_WaitForLastBank1Operation) for FLASH_WaitForLastBank1Operation
    stm32lib_include.o(i.FLASH_EraseAllPages) refers to stm32lib_include.o(i.FLASH_WaitForLastOperation) for FLASH_WaitForLastOperation
    stm32lib_include.o(i.FLASH_EraseOptionBytes) refers to stm32lib_include.o(i.FLASH_GetReadOutProtectionStatus) for FLASH_GetReadOutProtectionStatus
    stm32lib_include.o(i.FLASH_EraseOptionBytes) refers to stm32lib_include.o(i.FLASH_WaitForLastOperation) for FLASH_WaitForLastOperation
    stm32lib_include.o(i.FLASH_ErasePage) refers to stm32lib_include.o(i.FLASH_WaitForLastOperation) for FLASH_WaitForLastOperation
    stm32lib_include.o(i.FLASH_ProgramHalfWord) refers to stm32lib_include.o(i.FLASH_WaitForLastOperation) for FLASH_WaitForLastOperation
    stm32lib_include.o(i.FLASH_ProgramOptionByteData) refers to stm32lib_include.o(i.FLASH_WaitForLastOperation) for FLASH_WaitForLastOperation
    stm32lib_include.o(i.FLASH_ProgramWord) refers to stm32lib_include.o(i.FLASH_WaitForLastOperation) for FLASH_WaitForLastOperation
    stm32lib_include.o(i.FLASH_ReadOutProtection) refers to stm32lib_include.o(i.FLASH_WaitForLastOperation) for FLASH_WaitForLastOperation
    stm32lib_include.o(i.FLASH_UserOptionByteConfig) refers to stm32lib_include.o(i.FLASH_WaitForLastOperation) for FLASH_WaitForLastOperation
    stm32lib_include.o(i.FLASH_WaitForLastBank1Operation) refers to stm32lib_include.o(i.FLASH_GetBank1Status) for FLASH_GetBank1Status
    stm32lib_include.o(i.FLASH_WaitForLastOperation) refers to stm32lib_include.o(i.FLASH_GetBank1Status) for FLASH_GetBank1Status
    stm32lib_include.o(i.GPIO_AFIODeInit) refers to stm32lib_include.o(i.RCC_APB2PeriphResetCmd) for RCC_APB2PeriphResetCmd
    stm32lib_include.o(i.GPIO_DeInit) refers to stm32lib_include.o(i.RCC_APB2PeriphResetCmd) for RCC_APB2PeriphResetCmd
    stm32lib_include.o(i.HardFault_Handler) refers to board_driver.o(i.MCU_Reset) for MCU_Reset
    stm32lib_include.o(i.I2C_DeInit) refers to stm32lib_include.o(i.RCC_APB1PeriphResetCmd) for RCC_APB1PeriphResetCmd
    stm32lib_include.o(i.I2C_Init) refers to stm32lib_include.o(i.RCC_GetClocksFreq) for RCC_GetClocksFreq
    stm32lib_include.o(i.I2S_Init) refers to stm32lib_include.o(i.RCC_GetClocksFreq) for RCC_GetClocksFreq
    stm32lib_include.o(i.PWR_DeInit) refers to stm32lib_include.o(i.RCC_APB1PeriphResetCmd) for RCC_APB1PeriphResetCmd
    stm32lib_include.o(i.RCC_GetClocksFreq) refers to stm32lib_include.o(.data) for APBAHBPrescTable
    stm32lib_include.o(i.RCC_WaitForHSEStartUp) refers to stm32lib_include.o(i.RCC_GetFlagStatus) for RCC_GetFlagStatus
    stm32lib_include.o(i.RTC_SetAlarm) refers to stm32lib_include.o(i.RTC_EnterConfigMode) for RTC_EnterConfigMode
    stm32lib_include.o(i.RTC_SetAlarm) refers to stm32lib_include.o(i.RTC_ExitConfigMode) for RTC_ExitConfigMode
    stm32lib_include.o(i.RTC_SetCounter) refers to stm32lib_include.o(i.RTC_EnterConfigMode) for RTC_EnterConfigMode
    stm32lib_include.o(i.RTC_SetCounter) refers to stm32lib_include.o(i.RTC_ExitConfigMode) for RTC_ExitConfigMode
    stm32lib_include.o(i.RTC_SetPrescaler) refers to stm32lib_include.o(i.RTC_EnterConfigMode) for RTC_EnterConfigMode
    stm32lib_include.o(i.RTC_SetPrescaler) refers to stm32lib_include.o(i.RTC_ExitConfigMode) for RTC_ExitConfigMode
    stm32lib_include.o(i.SPI_I2S_DeInit) refers to stm32lib_include.o(i.RCC_APB2PeriphResetCmd) for RCC_APB2PeriphResetCmd
    stm32lib_include.o(i.SPI_I2S_DeInit) refers to stm32lib_include.o(i.RCC_APB1PeriphResetCmd) for RCC_APB1PeriphResetCmd
    stm32lib_include.o(i.SetSysClock) refers to stm32lib_include.o(i.SetSysClockTo72) for SetSysClockTo72
    stm32lib_include.o(i.SysTick_Handler) refers to tos.o(i.Tos_SysTick) for Tos_SysTick
    stm32lib_include.o(i.SystemCoreClockUpdate) refers to stm32lib_include.o(.data) for SystemCoreClock
[...]
    .bss                                     0x20009e3c   Section       20  tos_timer.o(.bss)
    STACK                                    0x20009e50   Section     1024  startup_stm32f10x_hd.o(STACK)

    Global Symbols

    Symbol Name                              Value     Ov Type        Size  Object(Section)

    BuildAttributes$$THM_ISAv4$P$D$K$B$S$PE$A:L22UL41UL21$X:L11$S22US41US21$IEEE1$IW$USESV6$~STKCKD$USESV7$~SHL$OTIME$ROPI$IEEEX$EBA8$MICROLIB$REQ8$PRES8$EABIv2 0x00000000   Number         0  anon$$obj.o ABSOLUTE
    __ARM_use_no_argv                        0x00000000   Number         0  main.o ABSOLUTE
    __cpp_initialize__aeabi_                  - Undefined Weak Reference
    __cxa_finalize                            - Undefined Weak Reference
    __decompress                              - Undefined Weak Reference
    _clock_init                               - Undefined Weak Reference
    _microlib_exit                            - Undefined Weak Reference
    __Vectors_Size                           0x00000130   Number         0  startup_stm32f10x_hd.o ABSOLUTE
    __Vectors                                0x08005000   Data           4  startup_stm32f10x_hd.o(RESET)
    __Vectors_End                            0x08005130   Data           0  startup_stm32f10x_hd.o(RESET)
    __main                                   0x08005131   Thumb Code     0  entry.o(.ARM.Collect$$$$00000000)
    _main_stk                                0x08005131   Thumb Code     0  entry2.o(.ARM.Collect$$$$00000001)
    _main_scatterload                        0x08005135   Thumb Code     0  entry5.o(.ARM.Collect$$$$00000004)
    __main_after_scatterload                 0x08005139   Thumb Code     0  entry5.o(.ARM.Collect$$$$00000004)
    _main_clock                              0x08005139   Thumb Code     0  entry7b.o(.ARM.Collect$$$$00000008)
    _main_cpp_init                           0x08005139   Thumb Code     0  entry8b.o(.ARM.Collect$$$$0000000A)
    _main_init                               0x08005139   Thumb Code     0  entry9a.o(.ARM.Collect$$$$0000000B)
    __rt_final_cpp                           0x08005141   Thumb Code     0  entry10a.o(.ARM.Collect$$$$0000000D)
    __rt_final_exit                          0x08005141   Thumb Code     0  entry11a.o(.ARM.Collect$$$$0000000F)
    Reset_Handler                            0x08005145   Thumb Code     8  startup_stm32f10x_hd.o(.text)
    ADC1_2_IRQHandler                        0x0800515f   Thumb Code     0  startup_stm32f10x_hd.o(.text)
    DMA1_Channel1_IRQHandler                 0x0800515f   Thumb Code     0  startup_stm32f10x_hd.o(.text)
    DMA1_Channel4_IRQHandler                 0x0800515f   Thumb Code     0  startup_stm32f10x_hd.o(.text)
    DMA1_Channel5_IRQHandler                 0x0800515f   Thumb Code     0  startup_stm32f10x_hd.o(.text)
    DMA1_Channel6_IRQHandler                 0x0800515f   Thumb Code     0  startup_stm32f10x_hd.o(.text)
    DMA2_Channel4_5_IRQHandler               0x0800515f   Thumb Code     0  startup_stm32f10x_hd.o(.text)
    EXTI1_IRQHandler                         0x0800515f   Thumb Code     0  startup_stm32f10x_hd.o(.text)
    RTC_IRQHandler                           0x0800515f   Thumb Code     0  startup_stm32f10x_hd.o(.text)
    SDIO_IRQHandler                          0x0800515f   Thumb Code     0  startup_stm32f10x_hd.o(.text)
    TIM2_IRQHandler                          0x0800515f   Thumb Code     0  startup_stm32f10x_hd.o(.text)
    TIM3_IRQHandler                          0x0800515f   Thumb Code     0  startup_stm32f10x_hd.o(.text)
    TIM6_IRQHandler                          0x0800515f   Thumb Code     0  startup_stm32f10x_hd.o(.text)
    UART4_IRQHandler                         0x0800515f   Thumb Code     0  startup_stm32f10x_hd.o(.text)
    UART5_IRQHandler                         0x0800515f   Thumb Code     0  startup_stm32f10x_hd.o(.text)
    USB_HP_CAN1_TX_IRQHandler                0x0800515f   Thumb Code     0  startup_stm32f10x_hd.o(.text)
    USB_LP_CAN1_RX0_IRQHandler               0x0800515f   Thumb Code     0  startup_stm32f10x_hd.o(.text)
    strstr                                   0x08005169   Thumb Code    36  strstr.o(.text)
    __aeabi_fadd                             0x0800518d   Thumb Code   164  fadd.o(.text)
    __aeabi_fsub                             0x08005231   Thumb Code     6  fadd.o(.text)
    __aeabi_frsub                            0x08005237   Thumb Code     6  fadd.o(.text)
    __aeabi_fmul                             0x0800523d   Thumb Code   108  fmul.o(.text)
    __aeabi_fdiv                             0x080052a9   Thumb Code   128  fdiv.o(.text)
    __aeabi_dadd                             0x08005329   Thumb Code   322  dadd.o(.text)
    __aeabi_dsub                             0x0800546b   Thumb Code     6  dadd.o(.text)
    __aeabi_drsub                            0x08005471   Thumb Code     6  dadd.o(.text)
    __aeabi_dmul                             0x08005477   Thumb Code   228  dmul.o(.text)
    __aeabi_ddiv                             0x0800555b   Thumb Code   222  ddiv.o(.text)
    __aeabi_i2f                              0x08005639   Thumb Code    18  fflti.o(.text)
    __aeabi_ui2f                             0x0800564b   Thumb Code    10  ffltui.o(.text)
    __aeabi_ui2d                             0x08005655   Thumb Code    26  dfltui.o(.text)
    __aeabi_f2iz                             0x0800566f   Thumb Code    50  ffixi.o(.text)
    __aeabi_f2uiz                            0x080056a1   Thumb Code    40  ffixui.o(.text)
    __aeabi_d2iz                             0x080056c9   Thumb Code    62  dfixi.o(.text)
    __aeabi_f2d                              0x08005707   Thumb Code    38  f2d.o(.text)
    __aeabi_cdcmpeq                          0x0800572d   Thumb Code     0  cdcmple.o(.text)
    __aeabi_cdcmple                          0x0800572d   Thumb Code    38  cdcmple.o(.text)
    __aeabi_cdrcmple                         0x08005755   Thumb Code    38  cdrcmple.o(.text)
    __aeabi_d2f                              0x0800577d   Thumb Code    56  d2f.o(.text)
    __aeabi_cfcmpeq                          0x080057b5   Thumb Code     0  cfcmple.o(.text)
    __aeabi_cfcmple                          0x080057b5   Thumb Code    20  cfcmple.o(.text)
    __aeabi_cfrcmple                         0x080057c9   Thumb Code    20  cfrcmple.o(.text)
    __aeabi_uidiv                            0x080057dd   Thumb Code     0  uidiv.o(.text)
    __aeabi_uidivmod                         0x080057dd   Thumb Code    44  uidiv.o(.text)
    __aeabi_uldivmod                         0x08005809   Thumb Code    98  uldiv.o(.text)
    __aeabi_llsl                             0x0800586b   Thumb Code    30  llshl.o(.text)
    _ll_shift_l                              0x0800586b   Thumb Code     0  llshl.o(.text)
    __aeabi_llsr                             0x08005889   Thumb Code    32  llushr.o(.text)
    _ll_ushift_r                             0x08005889   Thumb Code     0  llushr.o(.text)
    __aeabi_lasr                             0x080058a9   Thumb Code    36  llsshr.o(.text)
    _ll_sshift_r                             0x080058a9   Thumb Code     0  llsshr.o(.text)
    __I$use$fp                               0x080058cd   Thumb Code     0  iusefp.o(.text)
    _float_round                             0x080058cd   Thumb Code    18  fepilogue.o(.text)
    _float_epilogue                          0x080058df   Thumb Code    90  fepilogue.o(.text)
    _double_round                            0x08005939   Thumb Code    26  depilogue.o(.text)
    _double_epilogue                         0x08005953   Thumb Code   164  depilogue.o(.text)
    __aeabi_d2ulz                            0x080059f7   Thumb Code    48  dfixul.o(.text)
    __scatterload                            0x08005a29   Thumb Code    28  init.o(.text)
    __scatterload_rt2                        0x08005a29   Thumb Code     0  init.o(.text)
    TOS_ContextSwitch                        0x08005a4d   Thumb Code     0  tos_core_a.o(TOS_CORE_A)
    TOS_SwitchToTask                         0x08005a7f   Thumb Code     0  tos_core_a.o(TOS_CORE_A)
    ADC1_Init                                0x08005acd   Thumb Code    16  main.o(i.ADC1_Init)
    ADC3_IRQHandler                          0x08005bb9   Thumb Code    12  board_driver.o(i.ADC3_IRQHandler)
    ADC_Cmd                                  0x08005bd5   Thumb Code    22  stm32lib_include.o(i.ADC_Cmd)
    ADC_DMACmd                               0x08005beb   Thumb Code    22  stm32lib_include.o(i.ADC_DMACmd)
    ADC_GetCalibrationStatus                 0x08005c01   Thumb Code    20  stm32lib_include.o(i.ADC_GetCalibrationStatus)
    ADC_GetResetCalibrationStatus            0x08005c15   Thumb Code    20  stm32lib_include.o(i.ADC_GetResetCalibrationStatus)
    ADC_Init                                 0x08005c29   Thumb Code    70  stm32lib_include.o(i.ADC_Init)
    ADC_RegularChannelConfig                 0x08005c79   Thumb Code   184  stm32lib_include.o(i.ADC_RegularChannelConfig)
    ADC_ResetCalibration                     0x08005d31   Thumb Code    10  stm32lib_include.o(i.ADC_ResetCalibration)
    ADC_SoftwareStartConvCmd                 0x08005d3b   Thumb Code    22  stm32lib_include.o(i.ADC_SoftwareStartConvCmd)
    ADC_StartCalibration                     0x08005d51   Thumb Code    10  stm32lib_include.o(i.ADC_StartCalibration)
    BOOL_LoadConfigs                         0x08005d5d   Thumb Code    36  main.o(i.BOOL_LoadConfigs)
    BareDelay                                0x08005d99   Thumb Code    26  board_driver.o(i.BareDelay)
    Bcd_Decimal                              0x08005db3   Thumb Code    16  text.o(i.Bcd_Decimal)
    BinarySearch                             0x08005dc5   Thumb Code    66  main.o(i.BinarySearch)
    BufferCoppy                              0x08005e0d   Thumb Code    34  text.o(i.BufferCoppy)
    BufferFill                               0x08005e2f   Thumb Code    22  text.o(i.BufferFill)
    BusFault_Handler                         0x08005e45   Thumb Code     4  stm32lib_include.o(i.BusFault_Handler)
    CAN1_RX1_IRQHandler                      0x08005e49   Thumb Code    12  board_driver.o(i.CAN1_RX1_IRQHandler)
    CAN1_SCE_IRQHandler                      0x08005e69   Thumb Code    12  board_driver.o(i.CAN1_SCE_IRQHandler)
    COM_Menu_Enter                           0x08005e89   Thumb Code   274  main.o(i.COM_Menu_Enter)
    COM_Menu_Load                            0x08005fa9   Thumb Code    48  main.o(i.COM_Menu_Load)
    CheckCallNumber                          0x08005fdd   Thumb Code    48  main.o(i.CheckCallNumber)
    ClearWithBuffer                          0x0800600d   Thumb Code    20  text.o(i.ClearWithBuffer)
    DHT11_Check                              0x08006021   Thumb Code    90  main.o(i.DHT11_Check)
    DHT11_DelayMs                            0x08006085   Thumb Code    32  main.o(i.DHT11_DelayMs)
    DHT11_DelayUs                            0x080060a5   Thumb Code    30  main.o(i.DHT11_DelayUs)
    DHT11_GetFloat                           0x080060c5   Thumb Code   128  main.o(i.DHT11_GetFloat)
    DHT11_PortIN                             0x08006151   Thumb Code    34  main.o(i.DHT11_PortIN)
    DHT11_PortOUT                            0x0800617d   Thumb Code    34  main.o(i.DHT11_PortOUT)
    DHT11_Read                               0x080061a9   Thumb Code   106  main.o(i.DHT11_Read)
    DHT11_Read_Bit                           0x08006215   Thumb Code    94  main.o(i.DHT11_Read_Bit)
    DHT11_Read_Byte                          0x0800627d   Thumb Code    30  main.o(i.DHT11_Read_Byte)
    DHT11_Rst                                0x0800629d   Thumb Code    44  main.o(i.DHT11_Rst)
    DMA1_Channel2_IRQHandler                 0x080062d1   Thumb Code    12  board_driver.o(i.DMA1_Channel2_IRQHandler)
    DMA1_Channel3_IRQHandler                 0x080062f9   Thumb Code    12  board_driver.o(i.DMA1_Channel3_IRQHandler)
    DMA1_Channel7_IRQHandler                 0x08006321   Thumb Code    12  board_driver.o(i.DMA1_Channel7_IRQHandler)
    DMA2_Channel1_IRQHandler                 0x08006349   Thumb Code    12  board_driver.o(i.DMA2_Channel1_IRQHandler)
    DMA2_Channel2_IRQHandler                 0x08006371   Thumb Code    12  board_driver.o(i.DMA2_Channel2_IRQHandler)
    DMA2_Channel3_IRQHandler                 0x08006399   Thumb Code    12  board_driver.o(i.DMA2_Channel3_IRQHandler)
    DMA_Cmd                                  0x080063c1   Thumb Code    24  stm32lib_include.o(i.DMA_Cmd)
    DMA_DeInit                               0x080063d9   Thumb Code   324  stm32lib_include.o(i.DMA_DeInit)
    DMA_Init                                 0x08006525   Thumb Code    60  stm32lib_include.o(i.DMA_Init)
    DS18B20_Init                             0x08006561   Thumb Code    62  main.o(i.DS18B20_Init)
    DS_Check                                 0x080065a9   Thumb Code    90  main.o(i.DS_Check)
    DS_DelayUs                               0x0800660d   Thumb Code    30  main.o(i.DS_DelayUs)
    DS_Get_Temp                              0x0800662d   Thumb Code   226  main.o(i.DS_Get_Temp)
    DS_PortIN                                0x08006719   Thumb Code    34  main.o(i.DS_PortIN)
    DS_PortOUT                               0x08006745   Thumb Code    34  main.o(i.DS_PortOUT)
    DS_Read_Bit                              0x08006771   Thumb Code    76  main.o(i.DS_Read_Bit)
    DS_Read_Byte                             0x080067c5   Thumb Code    34  main.o(i.DS_Read_Byte)
    DS_Read_Value                            0x080067e9   Thumb Code   242  main.o(i.DS_Read_Value)
    DS_Rst                                   0x080068e9   Thumb Code    46  main.o(i.DS_Rst)
    DS_SetPort                               0x08006921   Thumb Code    10  main.o(i.DS_SetPort)
    DS_Start                                 0x08006935   Thumb Code    24  main.o(i.DS_Start)
    DS_Write_Byte                            0x0800694d   Thumb Code   104  main.o(i.DS_Write_Byte)
    DTH11_SetPort                            0x080069bd   Thumb Code    10  main.o(i.DTH11_SetPort)
    DeBug                                    0x080069d1   Thumb Code   334  debug.o(i.DeBug)
    DeBug_Drop                               0x08006b41   Thumb Code     8  debug.o(i.DeBug_Drop)
    DeBug_Get                                0x08006b4d   Thumb Code    10  debug.o(i.DeBug_Get)
    DeBug_OutSet                             0x08006b61   Thumb Code     6  debug.o(i.DeBug_OutSet)
    DeBug_SetType                            0x08006b6d   Thumb Code     6  debug.o(i.DeBug_SetType)
    DebugMon_Handler                         0x08006b79   Thumb Code     2  stm32lib_include.o(i.DebugMon_Handler)
    Decimal_Bcd                              0x08006b7b   Thumb Code    20  text.o(i.Decimal_Bcd)
    DeviceList_Init                          0x08006b91   Thumb Code   112  tos_device.o(i.DeviceList_Init)
    DeviceList_Printf                        0x08006c11   Thumb Code   182  tos_device.o(i.DeviceList_Printf)
    DeviceMount_IO                           0x08006cf9   Thumb Code   182  main.o(i.DeviceMount_IO)
    DeviceMount_ISL1208                      0x08006dc9   Thumb Code   180  main.o(i.DeviceMount_ISL1208)
    DeviceMount_Usart                        0x08006e95   Thumb Code   394  usart_driver.o(i.DeviceMount_Usart)
    DeviceMount_W25Q16                       0x08007059   Thumb Code   164  main.o(i.DeviceMount_W25Q16)
    Device_Init                              0x0800711d   Thumb Code   152  tos_device.o(i.Device_Init)
    Device_Ok                                0x080071d5   Thumb Code    30  tos_device.o(i.Device_Ok)
    EXTI0_IRQHandler                         0x080071f9   Thumb Code    10  board_driver.o(i.EXTI0_IRQHandler)
    EXTI15_10_IRQHandler                     0x08007205   Thumb Code    12  board_driver.o(i.EXTI15_10_IRQHandler)
    EXTI2_IRQHandler                         0x08007229   Thumb Code    12  board_driver.o(i.EXTI2_IRQHandler)
    EXTI3_IRQHandler                         0x08007249   Thumb Code    12  board_driver.o(i.EXTI3_IRQHandler)
    EXTI4_IRQHandler                         0x08007269   Thumb Code    12  board_driver.o(i.EXTI4_IRQHandler)
    EXTI9_5_IRQHandler                       0x08007289   Thumb Code    12  board_driver.o(i.EXTI9_5_IRQHandler)
    EXTI_ClearITPendingBit                   0x080072a9   Thumb Code     6  stm32lib_include.o(i.EXTI_ClearITPendingBit)
    FLASH_ErasePage                          0x080072b5   Thumb Code    72  stm32lib_include.o(i.FLASH_ErasePage)
    FLASH_GetBank1Status                     0x08007301   Thumb Code    48  stm32lib_include.o(i.FLASH_GetBank1Status)
    FLASH_IRQHandler                         0x08007335   Thumb Code    12  board_driver.o(i.FLASH_IRQHandler)
    FLASH_Lock                               0x08007355   Thumb Code    14  stm32lib_include.o(i.FLASH_Lock)
    FLASH_ProgramHalfWord                    0x08007369   Thumb Code    60  stm32lib_include.o(i.FLASH_ProgramHalfWord)
    FLASH_Unlock                             0x080073a9   Thumb Code    12  stm32lib_include.o(i.FLASH_Unlock)
    FLASH_WaitForLastOperation               0x080073c1   Thumb Code    38  stm32lib_include.o(i.FLASH_WaitForLastOperation)
    FSMC_IRQHandler                          0x080073e9   Thumb Code    12  board_driver.o(i.FSMC_IRQHandler)
    FindHexFromString                        0x08007405   Thumb Code   162  text.o(i.FindHexFromString)
    FindNumFromString                        0x080074a7   Thumb Code   138  text.o(i.FindNumFromString)
    Flash_ReadData                           0x08007531   Thumb Code    28  appconfig.o(i.Flash_ReadData)
    Flash_WriteData                          0x0800754d   Thumb Code   112  appconfig.o(i.Flash_WriteData)
    Float32FromByte                          0x080075bd   Thumb Code     8  text.o(i.Float32FromByte)
    Float32ToByte                            0x080075c5   Thumb Code    32  text.o(i.Float32ToByte)
    FlowPoolFilter                           0x080075e5   Thumb Code    58  text.o(i.FlowPoolFilter)
    FmtToBuf                                 0x0800761f   Thumb Code    30  text.o(i.FmtToBuf)
    GBKToString                              0x0800763d   Thumb Code    62  main.o(i.GBKToString)
    GBKToUniCode                             0x0800767b   Thumb Code    32  main.o(i.GBKToUniCode)
    GBKToUnicode                             0x0800769d   Thumb Code    38  main.o(i.GBKToUnicode)
    GPIO_Init                                0x080076c9   Thumb Code   274  stm32lib_include.o(i.GPIO_Init)
    GPIO_InitList                            0x080077dd   Thumb Code   124  board_driver.o(i.GPIO_InitList)
    GPIO_ReadInputDataBit                    0x08007861   Thumb Code    18  stm32lib_include.o(i.GPIO_ReadInputDataBit)
    GPIO_ResetBits                           0x08007873   Thumb Code     4  stm32lib_include.o(i.GPIO_ResetBits)
    GPIO_SetBits                             0x08007877   Thumb Code     4  stm32lib_include.o(i.GPIO_SetBits)
    GPRS_Ack                                 0x0800787d   Thumb Code    74  main.o(i.GPRS_Ack)
    GPRS_AckDelay                            0x080078d1   Thumb Code    90  main.o(i.GPRS_AckDelay)
    GPRS_AckTwo                              0x08007935   Thumb Code    98  main.o(i.GPRS_AckTwo)
    GPRS_CheckIpTrue                         0x080079a1   Thumb Code    88  text.o(i.GPRS_CheckIpTrue)
    GPRS_CommandAck                          0x080079f9   Thumb Code    22  main.o(i.GPRS_CommandAck)
    GPRS_CommandAckCount                     0x08007a11   Thumb Code   128  main.o(i.GPRS_CommandAckCount)
    GPRS_Connect                             0x08007a99   Thumb Code   148  main.o(i.GPRS_Connect)
    GPRS_Printf                              0x08007b9d   Thumb Code    92  main.o(i.GPRS_Printf)
    GPRS_WhileAck                            0x08007c1d   Thumb Code    46  main.o(i.GPRS_WhileAck)
    GetChar_List                             0x08007c4b   Thumb Code   128  debug.o(i.GetChar_List)
    GetCodeStr16                             0x08007ccd   Thumb Code   124  main.o(i.GetCodeStr16)
    GetHexFromString                         0x08007d4d   Thumb Code   228  text.o(i.GetHexFromString)
    GetStringByFmt                           0x08007e31   Thumb Code    38  text.o(i.GetStringByFmt)
    GetStringToNumber                        0x08007e59   Thumb Code   178  text.o(i.GetStringToNumber)
    GetTextLength                            0x08007f1d   Thumb Code    24  text.o(i.GetTextLength)
    GetTosTask_Count                         0x08007f35   Thumb Code    38  tools.o(i.GetTosTask_Count)
    GetUnicodeString                         0x08007f61   Thumb Code    36  main.o(i.GetUnicodeString)
    GetWordFromBytes                         0x08007f8d   Thumb Code    38  text.o(i.GetWordFromBytes)
    Get_FlashSize                            0x08007fb5   Thumb Code     6  tools.o(i.Get_FlashSize)
    Get_Mon                                  0x08007fc1   Thumb Code   176  main.o(i.Get_Mon)
    Get_PragmDateTime                        0x080080a1   Thumb Code    64  main.o(i.Get_PragmDateTime)
    HardFault_Handler                        0x080080f5   Thumb Code     8  stm32lib_include.o(i.HardFault_Handler)
    Ht1621Wr_Data                            0x080080fd   Thumb Code    82  main.o(i.Ht1621Wr_Data)
    Ht1621_Delay                             0x08008155   Thumb Code    20  main.o(i.Ht1621_Delay)
    Ht1621_ShowASCII                         0x08008169   Thumb Code    40  main.o(i.Ht1621_ShowASCII)
    Ht1621_WriteReg                          0x08008195   Thumb Code    58  main.o(i.Ht1621_WriteReg)
    I2C1_ER_IRQHandler                       0x080081d5   Thumb Code    12  board_driver.o(i.I2C1_ER_IRQHandler)
    I2C1_EV_IRQHandler                       0x080081f5   Thumb Code    12  board_driver.o(i.I2C1_EV_IRQHandler)
    I2C2_ER_IRQHandler                       0x08008215   Thumb Code    12  board_driver.o(i.I2C2_ER_IRQHandler)
    I2C2_EV_IRQHandler                       0x08008235   Thumb Code    12  board_driver.o(i.I2C2_EV_IRQHandler)
    I2C_Drop                                 0x08008255   Thumb Code    14  i2c_driver.o(i.I2C_Drop)
    I2C_ReadDatas                            0x08008263   Thumb Code   124  i2c_driver.o(i.I2C_ReadDatas)
    I2C_RecvBytes                            0x080082df   Thumb Code   112  i2c_driver.o(i.I2C_RecvBytes)
    I2C_SendAck                              0x0800834f   Thumb Code    44  i2c_driver.o(i.I2C_SendAck)
    I2C_SendBytes                            0x0800837b   Thumb Code   138  i2c_driver.o(i.I2C_SendBytes)
    I2C_Start                                0x08008405   Thumb Code    46  i2c_driver.o(i.I2C_Start)
    I2C_Stop                                 0x08008433   Thumb Code    36  i2c_driver.o(i.I2C_Stop)
    I2C_WriteDatas                           0x08008457   Thumb Code    92  i2c_driver.o(i.I2C_WriteDatas)
    IO_Set                                   0x080084b5   Thumb Code    76  main.o(i.IO_Set)
    ISL1208_GetATR                           0x08008505   Thumb Code    44  main.o(i.ISL1208_GetATR)
    ISL1208_GetDateTime                      0x08008535   Thumb Code   116  main.o(i.ISL1208_GetDateTime)
    ISL1208_IOCONTROL                        0x080085a9   Thumb Code   120  main.o(i.ISL1208_IOCONTROL)
    ISL1208_Init                             0x08008625   Thumb Code   184  main.o(i.ISL1208_Init)
    ISL1208_ReadReg                          0x080086e5   Thumb Code    28  main.o(i.ISL1208_ReadReg)
    ISL1208_SetAlarm                         0x08008705   Thumb Code   158  main.o(i.ISL1208_SetAlarm)
    ISL1208_SetDateTime                      0x080087a3   Thumb Code    96  main.o(i.ISL1208_SetDateTime)
    ISL1208_WriteReg                         0x08008805   Thumb Code    28  main.o(i.ISL1208_WriteReg)
    IWDG_Configuration                       0x08008825   Thumb Code    34  board_driver.o(i.IWDG_Configuration)
    IWDG_Enable                              0x08008849   Thumb Code    10  stm32lib_include.o(i.IWDG_Enable)
    IWDG_ReloadCounter                       0x08008859   Thumb Code    10  stm32lib_include.o(i.IWDG_ReloadCounter)
    IWDG_SetPrescaler                        0x08008869   Thumb Code     6  stm32lib_include.o(i.IWDG_SetPrescaler)
    IWDG_SetReload                           0x08008875   Thumb Code     6  stm32lib_include.o(i.IWDG_SetReload)
    IWDG_WriteAccessCmd                      0x08008881   Thumb Code     6  stm32lib_include.o(i.IWDG_WriteAccessCmd)
    Load_AppConfig                           0x0800888d   Thumb Code    20  appconfig.o(i.Load_AppConfig)
    Load_VoidConfig                          0x080088a9   Thumb Code   102  appconfig.o(i.Load_VoidConfig)
    MCU_Reset                                0x08008911   Thumb Code    32  board_driver.o(i.MCU_Reset)
    MQTT_LegnthToByte                        0x08008939   Thumb Code    34  text.o(i.MQTT_LegnthToByte)
    MUI_GetOptionString                      0x0800895d   Thumb Code   396  main.o(i.MUI_GetOptionString)
    MemManage_Handler                        0x08008aed   Thumb Code     4  stm32lib_include.o(i.MemManage_Handler)
    Mema_Count                               0x08008af1   Thumb Code    22  tos_mema.o(i.Mema_Count)
    Mema_Free                                0x08008b0d   Thumb Code    44  tos_mema.o(i.Mema_Free)
    Mema_Init                                0x08008b3d   Thumb Code    22  tos_mema.o(i.Mema_Init)
    Mema_Malloc                              0x08008b59   Thumb Code    72  tos_mema.o(i.Mema_Malloc)
    Menu_OptionLength                        0x08008ba5   Thumb Code    22  main.o(i.Menu_OptionLength)
    ModBus_Create                            0x08008bbb   Thumb Code    22  modbus.o(i.ModBus_Create)
    ModBus_CreateMsg                         0x08008bd1   Thumb Code   280  modbus.o(i.ModBus_CreateMsg)
    ModBus_Expend                            0x08008ce9   Thumb Code   364  modbus.o(i.ModBus_Expend)
    NMI_Handler                              0x08008e55   Thumb Code     2  stm32lib_include.o(i.NMI_Handler)
    NVIC_Init                                0x08008e59   Thumb Code   102  stm32lib_include.o(i.NVIC_Init)
    NVIC_PriorityGroupConfig                 0x08008ecd   Thumb Code    10  stm32lib_include.o(i.NVIC_PriorityGroupConfig)
    NVIC_SetVectorTable                      0x08008ee1   Thumb Code    12  stm32lib_include.o(i.NVIC_SetVectorTable)
    PDU_GetCenterNumber                      0x08008ef5   Thumb Code    54  main.o(i.PDU_GetCenterNumber)
    PVD_IRQHandler                           0x08008f51   Thumb Code    12  board_driver.o(i.PVD_IRQHandler)
    PendSV_Handler                           0x08008f6d   Thumb Code     2  stm32lib_include.o(i.PendSV_Handler)
    Printf_BoardInfor                        0x08008f71   Thumb Code    44  tools.o(i.Printf_BoardInfor)
    Printf_LcdType                           0x08009001   Thumb Code     2  tools.o(i.Printf_LcdType)
    Printf_LockCode                          0x08009005   Thumb Code    40  tools.o(i.Printf_LockCode)
    Printf_NandInfor                         0x08009045   Thumb Code     2  tools.o(i.Printf_NandInfor)
    Printf_SysInfor                          0x08009049   Thumb Code    40  tools.o(i.Printf_SysInfor)
    Printf_TaskInfor                         0x0800908d   Thumb Code    22  tools.o(i.Printf_TaskInfor)
    Printf_TosInfor                          0x080090cd   Thumb Code    96  tools.o(i.Printf_TosInfor)
    QuectelM26Printf_Bytes                   0x08009161   Thumb Code    48  main.o(i.QuectelM26Printf_Bytes)
    QuectelM26_Config                        0x080091a5   Thumb Code    32  main.o(i.QuectelM26_Config)
    QuectelM26_Connect                       0x080091e9   Thumb Code    42  main.o(i.QuectelM26_Connect)
    QuectelM26_ConnectNet                    0x08009241   Thumb Code   170  main.o(i.QuectelM26_ConnectNet)
    QuectelM26_CreateCFG                     0x08009385   Thumb Code   130  main.o(i.QuectelM26_CreateCFG)
    QuectelM26_GetCSQ                        0x08009415   Thumb Code    28  main.o(i.QuectelM26_GetCSQ)
    QuectelM26_GetNumString                  0x08009449   Thumb Code   170  main.o(i.QuectelM26_GetNumString)
    QuectelM26_GetValue                      0x080094fd   Thumb Code   154  main.o(i.QuectelM26_GetValue)
    QuectelM26_Init                          0x080095a1   Thumb Code   236  main.o(i.QuectelM26_Init)
    QuectelM26_InitSMS                       0x08009725   Thumb Code   148  main.o(i.QuectelM26_InitSMS)
    QuectelM26_ReadShow                      0x08009839   Thumb Code    60  main.o(i.QuectelM26_ReadShow)
    QuectelM26_SendCFG                       0x0800988d   Thumb Code   230  main.o(i.QuectelM26_SendCFG)
    QuectelM26_SendData                      0x080099d5   Thumb Code   608  main.o(i.QuectelM26_SendData)
    QuectelM26_SendHeartbeat                 0x08009cbd   Thumb Code   178  main.o(i.QuectelM26_SendHeartbeat)
    QuectelM26_SendTextMsg                   0x08009da5   Thumb Code   164  main.o(i.QuectelM26_SendTextMsg)
    QuectelM26_ShowSMS                       0x08009e75   Thumb Code   396  main.o(i.QuectelM26_ShowSMS)
    RCC_ADCCLKConfig                         0x0800a121   Thumb Code    18  stm32lib_include.o(i.RCC_ADCCLKConfig)
    RCC_AHBPeriphClockCmd                    0x0800a139   Thumb Code    26  stm32lib_include.o(i.RCC_AHBPeriphClockCmd)
    RCC_APB1PeriphClockCmd                   0x0800a159   Thumb Code    26  stm32lib_include.o(i.RCC_APB1PeriphClockCmd)
    RCC_APB2PeriphClockCmd                   0x0800a179   Thumb Code    26  stm32lib_include.o(i.RCC_APB2PeriphClockCmd)
    RCC_GetClocksFreq                        0x0800a199   Thumb Code   192  stm32lib_include.o(i.RCC_GetClocksFreq)
    RCC_IRQHandler                           0x0800a26d   Thumb Code    12  board_driver.o(i.RCC_IRQHandler)
    RTCAlarm_IRQHandler                      0x0800a289   Thumb Code    12  board_driver.o(i.RTCAlarm_IRQHandler)
    RegServer_Connect                        0x0800a2a9   Thumb Code    38  main.o(i.RegServer_Connect)
    Reg_SendHead                             0x0800a309   Thumb Code    94  main.o(i.Reg_SendHead)
    Reg_SendInfor                            0x0800a3a9   Thumb Code   456  main.o(i.Reg_SendInfor)
    SPI1_IRQHandler                          0x0800a701   Thumb Code    12  board_driver.o(i.SPI1_IRQHandler)
    SPI2_IRQHandler                          0x0800a71d   Thumb Code    12  board_driver.o(i.SPI2_IRQHandler)
    SPI3_IRQHandler                          0x0800a739   Thumb Code    12  board_driver.o(i.SPI3_IRQHandler)
    SPI_Cmd                                  0x0800a755   Thumb Code    24  stm32lib_include.o(i.SPI_Cmd)
    SPI_FLASH_BufferRead                     0x0800a76d   Thumb Code    76  main.o(i.SPI_FLASH_BufferRead)
    SPI_FLASH_BufferWrite                    0x0800a7bd   Thumb Code   290  main.o(i.SPI_FLASH_BufferWrite)
    SPI_FLASH_Init                           0x0800a8e1   Thumb Code   176  main.o(i.SPI_FLASH_Init)
    SPI_FLASH_PageWrite                      0x0800a999   Thumb Code    92  main.o(i.SPI_FLASH_PageWrite)
    SPI_FLASH_SectorErase                    0x0800a9f9   Thumb Code    62  main.o(i.SPI_FLASH_SectorErase)
    SPI_FLASH_SendByte                       0x0800aa3d   Thumb Code    50  main.o(i.SPI_FLASH_SendByte)
    SPI_FLASH_WaitForWriteEnd                0x0800aa75   Thumb Code    44  main.o(i.SPI_FLASH_WaitForWriteEnd)
    SPI_FLASH_WriteEnable                    0x0800aaa5   Thumb Code    26  main.o(i.SPI_FLASH_WriteEnable)
    SPI_I2S_GetFlagStatus                    0x0800aac5   Thumb Code    18  stm32lib_include.o(i.SPI_I2S_GetFlagStatus)
    SPI_I2S_ReceiveData                      0x0800aad7   Thumb Code     6  stm32lib_include.o(i.SPI_I2S_ReceiveData)
    SPI_I2S_SendData                         0x0800aadd   Thumb Code     4  stm32lib_include.o(i.SPI_I2S_SendData)
    SPI_Init                                 0x0800aae1   Thumb Code    60  stm32lib_include.o(i.SPI_Init)
    SVC_Handler                              0x0800ab21   Thumb Code     2  stm32lib_include.o(i.SVC_Handler)
    Save_AppConfig                           0x0800ab25   Thumb Code    20  appconfig.o(i.Save_AppConfig)
    Save_VoidConfig                          0x0800ab41   Thumb Code    44  appconfig.o(i.Save_VoidConfig)
    Sensor_Command                           0x0800ab6d   Thumb Code  1260  main.o(i.Sensor_Command)
    Sensor_Init                              0x0800b065   Thumb Code    86  main.o(i.Sensor_Init)
    StrToGBK                                 0x0800b1a9   Thumb Code   204  main.o(i.StrToGBK)
    StringCoppy                              0x0800b275   Thumb Code    36  text.o(i.StringCoppy)
    StringEndingAppend                       0x0800b299   Thumb Code    66  text.o(i.StringEndingAppend)
    Strstr                                   0x0800b2db   Thumb Code    48  text.o(i.Strstr)
    SysTick_Handler                          0x0800b30b   Thumb Code     8  stm32lib_include.o(i.SysTick_Handler)
    SystemInit                               0x0800b315   Thumb Code    78  stm32lib_include.o(i.SystemInit)
    System_Reset                             0x0800b375   Thumb Code    14  main.o(i.System_Reset)
    System_ResetDelay                        0x0800b389   Thumb Code    14  main.o(i.System_ResetDelay)
    TAMPER_IRQHandler                        0x0800b399   Thumb Code    12  board_driver.o(i.TAMPER_IRQHandler)
    TFT_RGB                                  0x0800b3b9   Thumb Code    48  text.o(i.TFT_RGB)
    TIM1_BRK_IRQHandler                      0x0800b3e9   Thumb Code    12  board_driver.o(i.TIM1_BRK_IRQHandler)
    TIM1_CC_IRQHandler                       0x0800b409   Thumb Code    12  board_driver.o(i.TIM1_CC_IRQHandler)
    TIM1_TRG_COM_IRQHandler                  0x0800b429   Thumb Code    12  board_driver.o(i.TIM1_TRG_COM_IRQHandler)
    TIM1_UP_IRQHandler                       0x0800b44d   Thumb Code    12  board_driver.o(i.TIM1_UP_IRQHandler)
    TIM4_IRQHandler                          0x0800b46d   Thumb Code    12  board_driver.o(i.TIM4_IRQHandler)
    TIM5_IRQHandler                          0x0800b489   Thumb Code    12  board_driver.o(i.TIM5_IRQHandler)
    TIM7_IRQHandler                          0x0800b4a5   Thumb Code    12  board_driver.o(i.TIM7_IRQHandler)
    TIM8_BRK_IRQHandler                      0x0800b4c1   Thumb Code    12  board_driver.o(i.TIM8_BRK_IRQHandler)
    TIM8_CC_IRQHandler                       0x0800b4e1   Thumb Code    12  board_driver.o(i.TIM8_CC_IRQHandler)
    TIM8_TRG_COM_IRQHandler                  0x0800b501   Thumb Code    12  board_driver.o(i.TIM8_TRG_COM_IRQHandler)
    TIM8_UP_IRQHandler                       0x0800b525   Thumb Code    12  board_driver.o(i.TIM8_UP_IRQHandler)
    Task0                                    0x0800b545   Thumb Code   186  main.o(i.Task0)
    Task0_Init                               0x0800b605   Thumb Code    94  main.o(i.Task0_Init)
    TaskBigShow                              0x0800b679   Thumb Code    62  main.o(i.TaskBigShow)
    TaskPlan                                 0x0800b6b9   Thumb Code    96  main.o(i.TaskPlan)
    Task_Arrary                              0x0800b721   Thumb Code   108  func_face.o(i.Task_Arrary)
    Task_AutoReg                             0x0800b795   Thumb Code    84  main.o(i.Task_AutoReg)
    Task_CleanHistory                        0x0800b841   Thumb Code    36  main.o(i.Task_CleanHistory)
    Task_HistoryRecord                       0x0800b885   Thumb Code   138  main.o(i.Task_HistoryRecord)
    Task_Join                                0x0800b93d   Thumb Code    32  func_face.o(i.Task_Join)
    Task_LoadConfigs                         0x0800b961   Thumb Code     8  main.o(i.Task_LoadConfigs)
    Task_M26                                 0x0800b969   Thumb Code   284  main.o(i.Task_M26)
    Task_Plan                                0x0800bb11   Thumb Code   392  main.o(i.Task_Plan)
    Task_PrintfHistory                       0x0800bcb5   Thumb Code   150  main.o(i.Task_PrintfHistory)
    Task_Record                              0x0800bd9d   Thumb Code   148  main.o(i.Task_Record)
    Task_SaveConfigs                         0x0800be39   Thumb Code    30  main.o(i.Task_SaveConfigs)
    Task_SendMsg                             0x0800be5d   Thumb Code   476  main.o(i.Task_SendMsg)
    ToHex64                                  0x0800c0ed   Thumb Code    42  text.o(i.ToHex64)
    Tools_GetCRC16                           0x0800c119   Thumb Code    56  cheakout.o(i.Tools_GetCRC16)
    Tools_GetCRC8                            0x0800c159   Thumb Code    56  cheakout.o(i.Tools_GetCRC8)
    Tools_GetXOR8                            0x0800c191   Thumb Code    26  cheakout.o(i.Tools_GetXOR8)
    Tos_ComputeCPURate                       0x0800c1ad   Thumb Code    68  tos.o(i.Tos_ComputeCPURate)
    Tos_Init                                 0x0800c209   Thumb Code   146  tos.o(i.Tos_Init)
    Tos_ListCreate                           0x0800c2b5   Thumb Code    32  tos.o(i.Tos_ListCreate)
    Tos_RootTask                             0x0800c2d5   Thumb Code    26  tos.o(i.Tos_RootTask)
    Tos_Start                                0x0800c2f1   Thumb Code    98  tos.o(i.Tos_Start)
    Tos_SysTick                              0x0800c371   Thumb Code    64  tos.o(i.Tos_SysTick)
    Tos_TaskCreate                           0x0800c3d5   Thumb Code   204  tos.o(i.Tos_TaskCreate)
    Tos_TaskCreateFindID                     0x0800c4a5   Thumb Code    94  tos.o(i.Tos_TaskCreateFindID)
    Tos_TaskCreateQmsg                       0x0800c509   Thumb Code    86  tos.o(i.Tos_TaskCreateQmsg)
    Tos_TaskDelay                            0x0800c569   Thumb Code    84  tos.o(i.Tos_TaskDelay)
    Tos_TaskDropDev                          0x0800c5c9   Thumb Code    56  tos_device.o(i.Tos_TaskDropDev)
    Tos_TaskGetDev                           0x0800c609   Thumb Code   132  tos_device.o(i.Tos_TaskGetDev)
    Tos_TaskGetQMsg                          0x0800c695   Thumb Code    90  tos.o(i.Tos_TaskGetQMsg)
    Tos_TaskPutQmsg                          0x0800c6f9   Thumb Code   124  tos.o(i.Tos_TaskPutQmsg)
    Tos_TaskReady                            0x0800c779   Thumb Code   184  tos.o(i.Tos_TaskReady)
    Tos_TaskRecover                          0x0800c839   Thumb Code    46  tos.o(i.Tos_TaskRecover)
    Tos_TaskRun                              0x0800c86d   Thumb Code    66  tos.o(i.Tos_TaskRun)
    Tos_TaskStackInit                        0x0800c8c1   Thumb Code   110  tos.o(i.Tos_TaskStackInit)
    Tos_TaskStart                            0x0800c931   Thumb Code    28  tos.o(i.Tos_TaskStart)
    Tos_TaskStop                             0x0800c955   Thumb Code    70  tos.o(i.Tos_TaskStop)
    Tos_TaskSuspend                          0x0800c9a1   Thumb Code   118  tos.o(i.Tos_TaskSuspend)
    Tos_TaskSwitch                           0x0800ca1d   Thumb Code   148  tos.o(i.Tos_TaskSwitch)
    Tos_TaskTcbInit                          0x0800cabd   Thumb Code    18  tos.o(i.Tos_TaskTcbInit)
    Tos_TaskTimeout                          0x0800cad1   Thumb Code    78  tos.o(i.Tos_TaskTimeout)
    Tos_TimerCreate                          0x0800cb25   Thumb Code    92  tos_timer.o(i.Tos_TimerCreate)
    Tos_TimerDelete                          0x0800cb89   Thumb Code    42  tos_timer.o(i.Tos_TimerDelete)
    Tos_TimerExecute                         0x0800cbb9   Thumb Code    78  tos_timer.o(i.Tos_TimerExecute)
    Tos_TimerScan                            0x0800cc0d   Thumb Code    74  tos_timer.o(i.Tos_TimerScan)
    Tos_WaitDev                              0x0800cc5d   Thumb Code    50  tos.o(i.Tos_WaitDev)
    USART1_IRQHandler                        0x0800cc99   Thumb Code    64  usart_driver.o(i.USART1_IRQHandler)
    USART2_IRQHandler                        0x0800cced   Thumb Code    76  usart_driver.o(i.USART2_IRQHandler)
    USART3_IRQHandler                        0x0800cd4d   Thumb Code    76  usart_driver.o(i.USART3_IRQHandler)
    USART_ClearFlag                          0x0800cdad   Thumb Code    18  stm32lib_include.o(i.USART_ClearFlag)
    USART_ClearITPendingBit                  0x0800cdbf   Thumb Code    30  stm32lib_include.o(i.USART_ClearITPendingBit)
    USART_Cmd                                0x0800cddd   Thumb Code    24  stm32lib_include.o(i.USART_Cmd)
    USART_Configuration                      0x0800cdf5   Thumb Code    74  usart_driver.o(i.USART_Configuration)
    USART_ConfigurationAll                   0x0800ce4d   Thumb Code   110  usart_driver.o(i.USART_ConfigurationAll)
    USART_GPIO_Init                          0x0800cebd   Thumb Code   164  usart_driver.o(i.USART_GPIO_Init)
    USART_GPIO_InitAll                       0x0800cf85   Thumb Code    86  usart_driver.o(i.USART_GPIO_InitAll)
    USART_GetITStatus                        0x0800cfdb   Thumb Code    84  stm32lib_include.o(i.USART_GetITStatus)
    USART_GetIndex                           0x0800d031   Thumb Code    62  usart_driver.o(i.USART_GetIndex)
    USART_GetTypeDef                         0x0800d079   Thumb Code    40  usart_driver.o(i.USART_GetTypeDef)
    USART_ITConfig                           0x0800d0b5   Thumb Code    74  stm32lib_include.o(i.USART_ITConfig)
    USART_Init                               0x0800d101   Thumb Code   208  stm32lib_include.o(i.USART_Init)
    USART_Read                               0x0800d1d9   Thumb Code    46  usart_driver.o(i.USART_Read)
    USART_ReadDatas                          0x0800d209   Thumb Code   150  usart_driver.o(i.USART_ReadDatas)
    USART_Write                              0x0800d2b9   Thumb Code    32  usart_driver.o(i.USART_Write)
    USART_WriteData                          0x0800d2d9   Thumb Code    18  usart_driver.o(i.USART_WriteData)
    USART_WriteDatas                         0x0800d2eb   Thumb Code    32  usart_driver.o(i.USART_WriteDatas)
    USART_WriteLine                          0x0800d30b   Thumb Code    54  usart_driver.o(i.USART_WriteLine)
    USBWakeUp_IRQHandler                     0x0800d341   Thumb Code    12  stm32lib_include.o(i.USBWakeUp_IRQHandler)
    UsageFault_Handler                       0x0800d34d   Thumb Code     4  stm32lib_include.o(i.UsageFault_Handler)
    W25Q16_EraseThis                         0x0800d351   Thumb Code    84  main.o(i.W25Q16_EraseThis)
    W25Q16_Read                              0x0800d3b1   Thumb Code    20  main.o(i.W25Q16_Read)
    W25Q16_StdRead                           0x0800d3c5   Thumb Code    20  main.o(i.W25Q16_StdRead)
    W25Q16_StdWrite                          0x0800d3d9   Thumb Code    20  main.o(i.W25Q16_StdWrite)
    WWDG_IRQHandler                          0x0800d3ed   Thumb Code    12  board_driver.o(i.WWDG_IRQHandler)
    __0vsprintf                              0x0800d409   Thumb Code    30  printfa.o(i.__0vsprintf)
    __1vsprintf                              0x0800d409   Thumb Code     0  printfa.o(i.__0vsprintf)
    __2vsprintf                              0x0800d409   Thumb Code     0  printfa.o(i.__0vsprintf)
    __c89vsprintf                            0x0800d409   Thumb Code     0  printfa.o(i.__0vsprintf)
    vsprintf                                 0x0800d409   Thumb Code     0  printfa.o(i.__0vsprintf)
    __scatterload_copy                       0x0800d42d   Thumb Code    14  handlers.o(i.__scatterload_copy)
    __scatterload_null                       0x0800d43b   Thumb Code     2  handlers.o(i.__scatterload_null)
    __scatterload_zeroinit                   0x0800d43d   Thumb Code    14  handlers.o(i.__scatterload_zeroinit)
    delay_us                                 0x0800dcf9   Thumb Code    16  i2c_driver.o(i.delay_us)
    main                                     0x0800dd09   Thumb Code    60  main.o(i.main)
    Crc16_TableH                             0x0800dd5c   Data         256  cheakout.o(.constdata)
    Crc16_TableL                             0x0800de5c   Data         256  cheakout.o(.constdata)
    IO_LCD_List                              0x0800df5c   Data          24  main.o(.constdata)
    Ht1621CodeUpList                         0x0800df74   Data          21  main.o(.constdata)
    Ht1621CodeDownList                       0x0800df89   Data          21  main.o(.constdata)
    Ht1621CodeTime                           0x0800df9e   Data          10  main.o(.constdata)
    MenuList                                 0x0800dfa8   Data         300  main.o(.constdata)
    W25Q16_GPIO_List                         0x0800e0d4   Data          36  main.o(.constdata)
    uni_table                                0x0800e0f8   Data       27072  main.o(.constdata)
    IO_ISL1208_List                          0x08014ab8   Data          36  main.o(.constdata)
    IO_IO_List                               0x08014adc   Data          96  main.o(.constdata)
    TaskList                                 0x08014b3c   Data         112  main.o(.constdata)
    Region$$Table$$Base                      0x08014de4   Number         0  anon$$obj.o(Region$$Table)
    Region$$Table$$Limit                     0x08014e04   Number         0  anon$$obj.o(Region$$Table)
    SystemCoreClock                          0x20000014   Data           4  stm32lib_include.o(.data)
    AHBPrescTable                            0x20000018   Data          16  stm32lib_include.o(.data)
    DeviceId_USART_TX                        0x20000028   Data           5  usart_driver.o(.data)
    DeviceId_USART_RX                        0x2000002d   Data           5  usart_driver.o(.data)
    USART_TX_TaskID                          0x20000032   Data           5  usart_driver.o(.data)
    USART_RX_TaskID                          0x20000037   Data           5  usart_driver.o(.data)
    DeBug_EN                                 0x2000003c   Data           1  debug.o(.data)
    DeBug_Out                                0x2000003d   Data           1  debug.o(.data)
    DeBug_Type                               0x2000003e   Data           1  debug.o(.data)
    TaskArray_Tos_TaskID                     0x2000003f   Data           1  func_face.o(.data)
    DeviceId_IO                              0x20000040   Data           1  main.o(.data)
    DeviceId_HT1621                          0x20000041   Data           1  main.o(.data)
    Ht1621CharList                           0x20000044   Data           4  main.o(.data)
    DHT11_PIN                                0x20000048   Data           2  main.o(.data)
    DHT11_GROUP                              0x2000004c   Data           4  main.o(.data)
    DS1_PIN                                  0x20000050   Data           2  main.o(.data)
    DS1_GROUP                                0x20000054   Data           4  main.o(.data)
    String_Ok                                0x20000058   Data           4  main.o(.data)
    BoolString                               0x2000005c   Data           8  main.o(.data)
    DeviceId_W25Q16                          0x20000064   Data           1  main.o(.data)
    aaaa                                     0x20000065   Data           1  main.o(.data)
    DeviceId_ISL1208                         0x20000066   Data           1  main.o(.data)
    IO_Driver                                0x20000074   Data           4  main.o(.data)
    tem                                      0x20000078   Data           1  main.o(.data)
    IO_ISL1208_P                             0x2000007c   Data           4  main.o(.data)
    UpGradeCmd                               0x20000080   Data           1  main.o(.data)
    guiNextTaskSp                            0x20000084   Data           4  tos.o(.data)
    gpuiCurTaskSpAddr                        0x20000088   Data           4  tos.o(.data)
    Tos_CPUInfor                             0x2000008c   Data           8  tos.o(.data)
    Tos_TaskCurrent                          0x20000094   Data           1  tos.o(.data)
    Tos_TaskMail                             0x20000098   Data           4  tos.o(.data)
    Tos_TaskTcb                              0x2000009c   Data           4  tos.o(.data)
    Tos_TaskStackIndex                       0x200000a0   Data           4  tos.o(.data)
    DeviceId_Index                           0x200000b0   Data           1  tos_device.o(.data)
    Tos_Device_Tab                           0x200000b4   Data           4  tos_device.o(.data)
    RootMema                                 0x200000b8   Data           4  tos_mema.o(.data)
    USART_RX_Buffer                          0x200000bc   Data          20  usart_driver.o(.bss)
    USART_TX_Buffer                          0x200000d0   Data          20  usart_driver.o(.bss)
    USART_RX_Count                           0x200000e4   Data          10  usart_driver.o(.bss)
    USART_RX_Index                           0x200000ee   Data          10  usart_driver.o(.bss)
    UIShowValue                              0x200000f8   Data         244  main.o(.bss)
    LCD_BUF                                  0x200001ec   Data          16  main.o(.bss)
    MemBuf                                   0x200001fc   Data       40000  tos_mema.o(.bss)
    _Tos_SystemTimer                         0x20009e3c   Data          20  tos_timer.o(.bss)
    __initial_sp                             0x2000a250   Data           0  startup_stm32f10x_hd.o(STACK)



==============================================================================

Memory Map of the image

  Image Entry point : 0x08005131

  Load Region LR_IROM1 (Base: 0x08005000, Size: 0x0000fec0, Max: 0x00040000, ABSOLUTE)

    Execution Region ER_IROM1 (Base: 0x08005000, Size: 0x0000fe04, Max: 0x00040000, ABSOLUTE)

    Base Addr    Size         Type   Attr      Idx    E Section Name        Object

    0x08005000   0x00000130   Data   RO         3145    RESET               startup_stm32f10x_hd.o
    0x08005130   0x00000000   Code   RO         6765  * .ARM.Collect$$$$00000000  mc_w.l(entry.o)
    0x08005130   0x00000004   Code   RO         6852    .ARM.Collect$$$$00000001  mc_w.l(entry2.o)
    0x08005134   0x00000004   Code   RO         6855    .ARM.Collect$$$$00000004  mc_w.l(entry5.o)
    0x08005138   0x00000000   Code   RO         6857    .ARM.Collect$$$$00000008  mc_w.l(entry7b.o)
    0x08005138   0x00000000   Code   RO         6859    .ARM.Collect$$$$0000000A  mc_w.l(entry8b.o)
    0x08005138   0x00000008   Code   RO         6860    .ARM.Collect$$$$0000000B  mc_w.l(entry9a.o)
    0x08005140   0x00000000   Code   RO         6862    .ARM.Collect$$$$0000000D  mc_w.l(entry10a.o)
    0x08005140   0x00000000   Code   RO         6864    .ARM.Collect$$$$0000000F  mc_w.l(entry11a.o)
    0x08005140   0x00000004   Code   RO         6853    .ARM.Collect$$$$00002712  mc_w.l(entry2.o)
    0x08005144   0x00000024   Code   RO         3146    .text               startup_stm32f10x_hd.o
    0x08005168   0x00000024   Code   RO         6768    .text               mc_w.l(strstr.o)
    0x0800518c   0x000000b0   Code   RO         6798    .text               mf_w.l(fadd.o)
    0x0800523c   0x0000006c   Code   RO         6800    .text               mf_w.l(fmul.o)
    0x080052a8   0x00000080   Code   RO         6802    .text               mf_w.l(fdiv.o)
    0x08005328   0x0000014e   Code   RO         6804    .text               mf_w.l(dadd.o)
    0x08005476   0x000000e4   Code   RO         6806    .text               mf_w.l(dmul.o)
    0x0800555a   0x000000de   Code   RO         6808    .text               mf_w.l(ddiv.o)
    0x08005638   0x00000012   Code   RO         6810    .text               mf_w.l(fflti.o)
    0x0800564a   0x0000000a   Code   RO         6812    .text               mf_w.l(ffltui.o)
    0x08005654   0x0000001a   Code   RO         6816    .text               mf_w.l(dfltui.o)
    0x0800566e   0x00000032   Code   RO         6818    .text               mf_w.l(ffixi.o)
    0x080056a0   0x00000028   Code   RO         6820    .text               mf_w.l(ffixui.o)
    0x080056c8   0x0000003e   Code   RO         6822    .text               mf_w.l(dfixi.o)
    0x08005706   0x00000026   Code   RO         6826    .text               mf_w.l(f2d.o)
    0x0800572c   0x00000028   Code   RO         6828    .text               mf_w.l(cdcmple.o)
    0x08005754   0x00000028   Code   RO         6830    .text               mf_w.l(cdrcmple.o)
    0x0800577c   0x00000038   Code   RO         6832    .text               mf_w.l(d2f.o)
    0x080057b4   0x00000014   Code   RO         6834    .text               mf_w.l(cfcmple.o)
    0x080057c8   0x00000014   Code   RO         6836    .text               mf_w.l(cfrcmple.o)
    0x080057dc   0x0000002c   Code   RO         6869    .text               mc_w.l(uidiv.o)
    0x08005808   0x00000062   Code   RO         6871    .text               mc_w.l(uldiv.o)
    0x0800586a   0x0000001e   Code   RO         6873    .text               mc_w.l(llshl.o)
    0x08005888   0x00000020   Code   RO         6875    .text               mc_w.l(llushr.o)
    0x080058a8   0x00000024   Code   RO         6877    .text               mc_w.l(llsshr.o)
    0x080058cc   0x00000000   Code   RO         6886    .text               mc_w.l(iusefp.o)
    0x080058cc   0x0000006c   Code   RO         6887    .text               mf_w.l(fepilogue.o)
    0x08005938   0x000000be   Code   RO         6889    .text               mf_w.l(depilogue.o)
    0x080059f6   0x00000030   Code   RO         6893    .text               mf_w.l(dfixul.o)
    0x08005a26   0x00000002   PAD
    0x08005a28   0x00000024   Code   RO         6901    .text               mc_w.l(init.o)
    0x08005a4c   0x00000050   Code   RO         6754    TOS_CORE_A          Project.lib(tos_core_a.o)
    0x08005a9c   0x00000030   Code   RO         4961    i.ADC1_GPIO_Config  main.o
    0x08005acc   0x00000010   Code   RO         4962    i.ADC1_Init         main.o
    0x08005adc   0x000000dc   Code   RO         4963    i.ADC1_Mode_Config  main.o
    0x08005bb8   0x0000001c   Code   RO         3150    i.ADC3_IRQHandler   board_driver.o
    0x08005bd4   0x00000016   Code   RO            7    i.ADC_Cmd           stm32lib_include.o
    0x08005bea   0x00000016   Code   RO            8    i.ADC_DMACmd        stm32lib_include.o
    0x08005c00   0x00000014   Code   RO           15    i.ADC_GetCalibrationStatus  stm32lib_include.o
    0x08005c14   0x00000014   Code   RO           21    i.ADC_GetResetCalibrationStatus  stm32lib_include.o
    0x08005c28   0x00000050   Code   RO           25    i.ADC_Init          stm32lib_include.o
    0x08005c78   0x000000b8   Code   RO           29    i.ADC_RegularChannelConfig  stm32lib_include.o
    0x08005d30   0x0000000a   Code   RO           30    i.ADC_ResetCalibration  stm32lib_include.o
    0x08005d3a   0x00000016   Code   RO           32    i.ADC_SoftwareStartConvCmd  stm32lib_include.o
    0x08005d50   0x0000000a   Code   RO           34    i.ADC_StartCalibration  stm32lib_include.o
    0x08005d5a   0x00000002   PAD
    0x08005d5c   0x0000003c   Code   RO         4965    i.BOOL_LoadConfigs  main.o
    0x08005d98   0x0000001a   Code   RO         3151    i.BareDelay         board_driver.o
    0x08005db2   0x00000010   Code   RO         4109    i.Bcd_Decimal       text.o
    0x08005dc2   0x00000002   PAD
    0x08005dc4   0x00000048   Code   RO         4966    i.BinarySearch      main.o
    0x08005e0c   0x00000022   Code   RO         4110    i.BufferCoppy       text.o
    0x08005e2e   0x00000016   Code   RO         4111    i.BufferFill        text.o
    0x08005e44   0x00000004   Code   RO           49    i.BusFault_Handler  stm32lib_include.o
    0x08005e48   0x00000020   Code   RO         3152    i.CAN1_RX1_IRQHandler  board_driver.o
    0x08005e68   0x00000020   Code   RO         3153    i.CAN1_SCE_IRQHandler  board_driver.o
    0x08005e88   0x00000120   Code   RO         4967    i.COM_Menu_Enter    main.o
    0x08005fa8   0x00000034   Code   RO         4968    i.COM_Menu_Load     main.o
    0x08005fdc   0x00000030   Code   RO         4969    i.CheckCallNumber   main.o
    0x0800600c   0x00000014   Code   RO         4114    i.ClearWithBuffer   text.o
    0x08006020   0x00000064   Code   RO         4970    i.DHT11_Check       main.o
    0x08006084   0x00000020   Code   RO         4971    i.DHT11_DelayMs     main.o
    0x080060a4   0x0000001e   Code   RO         4972    i.DHT11_DelayUs     main.o
    0x080060c2   0x00000002   PAD
    0x080060c4   0x0000008c   Code   RO         4973    i.DHT11_GetFloat    main.o
    0x08006150   0x0000002c   Code   RO         4974    i.DHT11_PortIN      main.o
    0x0800617c   0x0000002c   Code   RO         4975    i.DHT11_PortOUT     main.o
    0x080061a8   0x0000006a   Code   RO         4976    i.DHT11_Read        main.o
    0x08006212   0x00000002   PAD
    0x08006214   0x00000068   Code   RO         4977    i.DHT11_Read_Bit    main.o
    0x0800627c   0x0000001e   Code   RO         4978    i.DHT11_Read_Byte   main.o
    0x0800629a   0x00000002   PAD
    0x0800629c   0x00000034   Code   RO         4979    i.DHT11_Rst         main.o
    0x080062d0   0x00000028   Code   RO         3154    i.DMA1_Channel2_IRQHandler  board_driver.o
    0x080062f8   0x00000028   Code   RO         3155    i.DMA1_Channel3_IRQHandler  board_driver.o
    0x08006320   0x00000028   Code   RO         3156    i.DMA1_Channel7_IRQHandler  board_driver.o
    0x08006348   0x00000028   Code   RO         3157    i.DMA2_Channel1_IRQHandler  board_driver.o
    0x08006370   0x00000028   Code   RO         3158    i.DMA2_Channel2_IRQHandler  board_driver.o
    0x08006398   0x00000028   Code   RO         3159    i.DMA2_Channel3_IRQHandler  board_driver.o
    0x080063c0   0x00000018   Code   RO          112    i.DMA_Cmd           stm32lib_include.o
    0x080063d8   0x0000014c   Code   RO          113    i.DMA_DeInit        stm32lib_include.o
    0x08006524   0x0000003c   Code   RO          118    i.DMA_Init          stm32lib_include.o
    0x08006560   0x00000048   Code   RO         4980    i.DS18B20_Init      main.o
    0x080065a8   0x00000064   Code   RO         4981    i.DS_Check          main.o
    0x0800660c   0x0000001e   Code   RO         4983    i.DS_DelayUs        main.o
    0x0800662a   0x00000002   PAD
    0x0800662c   0x000000ec   Code   RO         4984    i.DS_Get_Temp       main.o
    0x08006718   0x0000002c   Code   RO         4985    i.DS_PortIN         main.o
    0x08006744   0x0000002c   Code   RO         4986    i.DS_PortOUT        main.o
    0x08006770   0x00000054   Code   RO         4987    i.DS_Read_Bit       main.o
    0x080067c4   0x00000022   Code   RO         4988    i.DS_Read_Byte      main.o
    0x080067e6   0x00000002   PAD
    0x080067e8   0x00000100   Code   RO         4989    i.DS_Read_Value     main.o
    0x080068e8   0x00000038   Code   RO         4990    i.DS_Rst            main.o
    0x08006920   0x00000014   Code   RO         4991    i.DS_SetPort        main.o
    0x08006934   0x00000018   Code   RO         4992    i.DS_Start          main.o
    0x0800694c   0x00000070   Code   RO         4993    i.DS_Write_Byte     main.o
    0x080069bc   0x00000014   Code   RO         4994    i.DTH11_SetPort     main.o
    0x080069d0   0x00000170   Code   RO         3968    i.DeBug             debug.o
    0x08006b40   0x0000000c   Code   RO         3969    i.DeBug_Drop        debug.o
    0x08006b4c   0x00000014   Code   RO         3970    i.DeBug_Get         debug.o
    0x08006b60   0x0000000c   Code   RO         3971    i.DeBug_OutSet      debug.o
    0x08006b6c   0x0000000c   Code   RO         3972    i.DeBug_SetType     debug.o
    0x08006b78   0x00000002   Code   RO          121    i.DebugMon_Handler  stm32lib_include.o
    0x08006b7a   0x00000014   Code   RO         4123    i.Decimal_Bcd       text.o
    0x08006b8e   0x00000002   PAD
    0x08006b90   0x00000080   Code   RO         6525    i.DeviceList_Init   Project.lib(tos_device.o)
    0x08006c10   0x000000e8   Code   RO         6526    i.DeviceList_Printf  Project.lib(tos_device.o)
    0x08006cf8   0x000000d0   Code   RO         4996    i.DeviceMount_IO    main.o
    0x08006dc8   0x000000cc   Code   RO         4997    i.DeviceMount_ISL1208  main.o
    0x08006e94   0x000001c4   Code   RO         3742    i.DeviceMount_Usart  usart_driver.o
    0x08007058   0x000000c4   Code   RO         4998    i.DeviceMount_W25Q16  main.o
    0x0800711c   0x000000b8   Code   RO         6529    i.Device_Init       Project.lib(tos_device.o)
    0x080071d4   0x00000024   Code   RO         6530    i.Device_Ok         Project.lib(tos_device.o)
    0x080071f8   0x0000000a   Code   RO         3160    i.EXTI0_IRQHandler  board_driver.o
    0x08007202   0x00000002   PAD
    0x08007204   0x00000024   Code   RO         3161    i.EXTI15_10_IRQHandler  board_driver.o
    0x08007228   0x00000020   Code   RO         3162    i.EXTI2_IRQHandler  board_driver.o
    0x08007248   0x00000020   Code   RO         3163    i.EXTI3_IRQHandler  board_driver.o
    0x08007268   0x00000020   Code   RO         3164    i.EXTI4_IRQHandler  board_driver.o
    0x08007288   0x00000020   Code   RO         3165    i.EXTI9_5_IRQHandler  board_driver.o
    0x080072a8   0x0000000c   Code   RO          123    i.EXTI_ClearITPendingBit  stm32lib_include.o
    0x080072b4   0x0000004c   Code   RO          135    i.FLASH_ErasePage   stm32lib_include.o
    0x08007300   0x00000034   Code   RO          136    i.FLASH_GetBank1Status  stm32lib_include.o
    0x08007334   0x00000020   Code   RO         3166    i.FLASH_IRQHandler  board_driver.o
    0x08007354   0x00000014   Code   RO          145    i.FLASH_Lock        stm32lib_include.o
    0x08007368   0x00000040   Code   RO          148    i.FLASH_ProgramHalfWord  stm32lib_include.o
    0x080073a8   0x00000018   Code   RO          153    i.FLASH_Unlock      stm32lib_include.o
    0x080073c0   0x00000026   Code   RO          157    i.FLASH_WaitForLastOperation  stm32lib_include.o
    0x080073e6   0x00000002   PAD
    0x080073e8   0x0000001c   Code   RO         3167    i.FSMC_IRQHandler   board_driver.o
    0x08007404   0x000000a2   Code   RO         4126    i.FindHexFromString  text.o
    0x080074a6   0x0000008a   Code   RO         4127    i.FindNumFromString  text.o
    0x08007530   0x0000001c   Code   RO         4836    i.Flash_ReadData    appconfig.o
    0x0800754c   0x00000070   Code   RO         4837    i.Flash_WriteData   appconfig.o
    0x080075bc   0x00000008   Code   RO         4128    i.Float32FromByte   text.o
    0x080075c4   0x00000020   Code   RO         4129    i.Float32ToByte     text.o
    0x080075e4   0x0000003a   Code   RO         4130    i.FlowPoolFilter    text.o
    0x0800761e   0x0000001e   Code   RO         4131    i.FmtToBuf          text.o
    0x0800763c   0x0000003e   Code   RO         4999    i.GBKToString       main.o
    0x0800767a   0x00000020   Code   RO         5000    i.GBKToUniCode      main.o
    0x0800769a   0x00000002   PAD
    0x0800769c   0x0000002c   Code   RO         5001    i.GBKToUnicode      main.o
    0x080076c8   0x00000112   Code   RO          183    i.GPIO_Init         stm32lib_include.o
    0x080077da   0x00000002   PAD
    0x080077dc   0x00000084   Code   RO         3168    i.GPIO_InitList     board_driver.o
    0x08007860   0x00000012   Code   RO          187    i.GPIO_ReadInputDataBit  stm32lib_include.o
    0x08007872   0x00000004   Code   RO          190    i.GPIO_ResetBits    stm32lib_include.o
    0x08007876   0x00000004   Code   RO          191    i.GPIO_SetBits      stm32lib_include.o
    0x0800787a   0x00000002   PAD
    0x0800787c   0x00000054   Code   RO         5002    i.GPRS_Ack          main.o
    0x080078d0   0x00000064   Code   RO         5003    i.GPRS_AckDelay     main.o
    0x08007934   0x0000006c   Code   RO         5004    i.GPRS_AckTwo       main.o
    0x080079a0   0x00000058   Code   RO         4133    i.GPRS_CheckIpTrue  text.o
    0x080079f8   0x00000016   Code   RO         5006    i.GPRS_CommandAck   main.o
    0x08007a0e   0x00000002   PAD
    0x08007a10   0x00000088   Code   RO         5007    i.GPRS_CommandAckCount  main.o
    0x08007a98   0x00000104   Code   RO         5008    i.GPRS_Connect      main.o
    0x08007b9c   0x00000080   Code   RO         5010    i.GPRS_Printf       main.o
    0x08007c1c   0x0000002e   Code   RO         5012    i.GPRS_WhileAck     main.o
    0x08007c4a   0x00000080   Code   RO         3973    i.GetChar_List      debug.o
    0x08007cca   0x00000002   PAD
    0x08007ccc   0x00000080   Code   RO         5013    i.GetCodeStr16      main.o
    0x08007d4c   0x000000e4   Code   RO         4137    i.GetHexFromString  text.o
    0x08007e30   0x00000026   Code   RO         4138    i.GetStringByFmt    text.o
    0x08007e56   0x00000002   PAD
    0x08007e58   0x000000c4   Code   RO         4141    i.GetStringToNumber  text.o
    0x08007f1c   0x00000018   Code   RO         4142    i.GetTextLength     text.o
    0x08007f34   0x0000002c   Code   RO         4522    i.GetTosTask_Count  tools.o
    0x08007f60   0x0000002c   Code   RO         5014    i.GetUnicodeString  main.o
    0x08007f8c   0x00000026   Code   RO         4143    i.GetWordFromBytes  text.o
    0x08007fb2   0x00000002   PAD
    0x08007fb4   0x0000000c   Code   RO         4524    i.Get_FlashSize     tools.o
    0x08007fc0   0x000000e0   Code   RO         5015    i.Get_Mon           main.o
    0x080080a0   0x00000054   Code   RO         5016    i.Get_PragmDateTime  main.o
    0x080080f4   0x00000008   Code   RO          195    i.HardFault_Handler  stm32lib_include.o
    0x080080fc   0x00000058   Code   RO         5019    i.Ht1621Wr_Data     main.o
    0x08008154   0x00000014   Code   RO         5020    i.Ht1621_Delay      main.o
    0x08008168   0x0000002c   Code   RO         5030    i.Ht1621_ShowASCII  main.o
    0x08008194   0x00000040   Code   RO         5031    i.Ht1621_WriteReg   main.o
    0x080081d4   0x00000020   Code   RO         3169    i.I2C1_ER_IRQHandler  board_driver.o
    0x080081f4   0x00000020   Code   RO         3170    i.I2C1_EV_IRQHandler  board_driver.o
    0x08008214   0x00000020   Code   RO         3171    i.I2C2_ER_IRQHandler  board_driver.o
    0x08008234   0x00000020   Code   RO         3172    i.I2C2_EV_IRQHandler  board_driver.o
    0x08008254   0x0000000e   Code   RO         3566    i.I2C_Drop          i2c_driver.o
    0x08008262   0x0000007c   Code   RO         3567    i.I2C_ReadDatas     i2c_driver.o
    0x080082de   0x00000070   Code   RO         3568    i.I2C_RecvBytes     i2c_driver.o
    0x0800834e   0x0000002c   Code   RO         3569    i.I2C_SendAck       i2c_driver.o
    0x0800837a   0x0000008a   Code   RO         3570    i.I2C_SendBytes     i2c_driver.o
    0x08008404   0x0000002e   Code   RO         3571    i.I2C_Start         i2c_driver.o
    0x08008432   0x00000024   Code   RO         3572    i.I2C_Stop          i2c_driver.o
    0x08008456   0x0000005c   Code   RO         3573    i.I2C_WriteDatas    i2c_driver.o
    0x080084b2   0x00000002   PAD
    0x080084b4   0x00000050   Code   RO         5034    i.IO_Set            main.o
    0x08008504   0x00000030   Code   RO         5036    i.ISL1208_GetATR    main.o
    0x08008534   0x00000074   Code   RO         5037    i.ISL1208_GetDateTime  main.o
    0x080085a8   0x0000007c   Code   RO         5038    i.ISL1208_IOCONTROL  main.o
    0x08008624   0x000000c0   Code   RO         5039    i.ISL1208_Init      main.o
    0x080086e4   0x00000020   Code   RO         5040    i.ISL1208_ReadReg   main.o
    0x08008704   0x0000009e   Code   RO         5041    i.ISL1208_SetAlarm  main.o
    0x080087a2   0x00000060   Code   RO         5042    i.ISL1208_SetDateTime  main.o
    0x08008802   0x00000002   PAD
    0x08008804   0x00000020   Code   RO         5043    i.ISL1208_WriteReg  main.o
    0x08008824   0x00000022   Code   RO         3173    i.IWDG_Configuration  board_driver.o
    0x08008846   0x00000002   PAD
    0x08008848   0x00000010   Code   RO          232    i.IWDG_Enable       stm32lib_include.o
    0x08008858   0x00000010   Code   RO          234    i.IWDG_ReloadCounter  stm32lib_include.o
    0x08008868   0x0000000c   Code   RO          235    i.IWDG_SetPrescaler  stm32lib_include.o
    0x08008874   0x0000000c   Code   RO          236    i.IWDG_SetReload    stm32lib_include.o
    0x08008880   0x0000000c   Code   RO          237    i.IWDG_WriteAccessCmd  stm32lib_include.o
    0x0800888c   0x0000001c   Code   RO         4838    i.Load_AppConfig    appconfig.o
    0x080088a8   0x00000066   Code   RO         4839    i.Load_VoidConfig   appconfig.o
    0x0800890e   0x00000002   PAD
    0x08008910   0x00000028   Code   RO         3174    i.MCU_Reset         board_driver.o
    0x08008938   0x00000022   Code   RO         4149    i.MQTT_LegnthToByte  text.o
    0x0800895a   0x00000002   PAD
    0x0800895c   0x00000190   Code   RO         5044    i.MUI_GetOptionString  main.o
    0x08008aec   0x00000004   Code   RO          238    i.MemManage_Handler  stm32lib_include.o
    0x08008af0   0x0000001c   Code   RO         6642    i.Mema_Count        Project.lib(tos_mema.o)
    0x08008b0c   0x00000030   Code   RO         6644    i.Mema_Free         Project.lib(tos_mema.o)
    0x08008b3c   0x0000001c   Code   RO         6645    i.Mema_Init         Project.lib(tos_mema.o)
    0x08008b58   0x0000004c   Code   RO         6646    i.Mema_Malloc       Project.lib(tos_mema.o)
    0x08008ba4   0x00000016   Code   RO         5045    i.Menu_OptionLength  main.o
    0x08008bba   0x00000016   Code   RO         4014    i.ModBus_Create     modbus.o
    0x08008bd0   0x00000118   Code   RO         4015    i.ModBus_CreateMsg  modbus.o
    0x08008ce8   0x0000016c   Code   RO         4016    i.ModBus_Expend     modbus.o
    0x08008e54   0x00000002   Code   RO          239    i.NMI_Handler       stm32lib_include.o
    0x08008e56   0x00000002   PAD
    0x08008e58   0x00000074   Code   RO          240    i.NVIC_Init         stm32lib_include.o
    0x08008ecc   0x00000014   Code   RO          241    i.NVIC_PriorityGroupConfig  stm32lib_include.o
    0x08008ee0   0x00000014   Code   RO          242    i.NVIC_SetVectorTable  stm32lib_include.o
    0x08008ef4   0x0000005c   Code   RO         5047    i.PDU_GetCenterNumber  main.o
    0x08008f50   0x0000001c   Code   RO         3175    i.PVD_IRQHandler    board_driver.o
    0x08008f6c   0x00000002   Code   RO          253    i.PendSV_Handler    stm32lib_include.o
    0x08008f6e   0x00000002   PAD
    0x08008f70   0x00000090   Code   RO         4526    i.Printf_BoardInfor  tools.o
    0x08009000   0x00000002   Code   RO         4529    i.Printf_LcdType    tools.o
    0x08009002   0x00000002   PAD
    0x08009004   0x00000040   Code   RO         4530    i.Printf_LockCode   tools.o
    0x08009044   0x00000002   Code   RO         4531    i.Printf_NandInfor  tools.o
    0x08009046   0x00000002   PAD
    0x08009048   0x00000044   Code   RO         4532    i.Printf_SysInfor   tools.o
    0x0800908c   0x00000040   Code   RO         4533    i.Printf_TaskInfor  tools.o
    0x080090cc   0x00000094   Code   RO         4534    i.Printf_TosInfor   tools.o
    0x08009160   0x00000044   Code   RO         5049    i.QuectelM26Printf_Bytes  main.o
    0x080091a4   0x00000044   Code   RO         5050    i.QuectelM26_Config  main.o
    0x080091e8   0x00000058   Code   RO         5051    i.QuectelM26_Connect  main.o
    0x08009240   0x00000144   Code   RO         5052    i.QuectelM26_ConnectNet  main.o
    0x08009384   0x00000090   Code   RO         5053    i.QuectelM26_CreateCFG  main.o
    0x08009414   0x00000034   Code   RO         5054    i.QuectelM26_GetCSQ  main.o
    0x08009448   0x000000b4   Code   RO         5055    i.QuectelM26_GetNumString  main.o
    0x080094fc   0x000000a4   Code   RO         5056    i.QuectelM26_GetValue  main.o
    0x080095a0   0x00000184   Code   RO         5057    i.QuectelM26_Init   main.o
    0x08009724   0x00000114   Code   RO         5058    i.QuectelM26_InitSMS  main.o
    0x08009838   0x00000054   Code   RO         5059    i.QuectelM26_ReadShow  main.o
    0x0800988c   0x00000148   Code   RO         5060    i.QuectelM26_SendCFG  main.o
    0x080099d4   0x000002e8   Code   RO         5061    i.QuectelM26_SendData  main.o
    0x08009cbc   0x000000e8   Code   RO         5062    i.QuectelM26_SendHeartbeat  main.o
    0x08009da4   0x000000d0   Code   RO         5065    i.QuectelM26_SendTextMsg  main.o
    0x08009e74   0x000002ac   Code   RO         5066    i.QuectelM26_ShowSMS  main.o
    0x0800a120   0x00000018   Code   RO          254    i.RCC_ADCCLKConfig  stm32lib_include.o
    0x0800a138   0x00000020   Code   RO          255    i.RCC_AHBPeriphClockCmd  stm32lib_include.o
    0x0800a158   0x00000020   Code   RO          256    i.RCC_APB1PeriphClockCmd  stm32lib_include.o
    0x0800a178   0x00000020   Code   RO          258    i.RCC_APB2PeriphClockCmd  stm32lib_include.o
    0x0800a198   0x000000d4   Code   RO          266    i.RCC_GetClocksFreq  stm32lib_include.o
    0x0800a26c   0x0000001c   Code   RO         3177    i.RCC_IRQHandler    board_driver.o
    0x0800a288   0x00000020   Code   RO         3178    i.RTCAlarm_IRQHandler  board_driver.o
    0x0800a2a8   0x00000060   Code   RO         5067    i.RegServer_Connect  main.o
    0x0800a308   0x000000a0   Code   RO         5068    i.Reg_SendHead      main.o
    0x0800a3a8   0x00000358   Code   RO         5069    i.Reg_SendInfor     main.o
    0x0800a700   0x0000001c   Code   RO         3180    i.SPI1_IRQHandler   board_driver.o
    0x0800a71c   0x0000001c   Code   RO         3181    i.SPI2_IRQHandler   board_driver.o
    0x0800a738   0x0000001c   Code   RO         3182    i.SPI3_IRQHandler   board_driver.o
    0x0800a754   0x00000018   Code   RO          332    i.SPI_Cmd           stm32lib_include.o
    0x0800a76c   0x00000050   Code   RO         5070    i.SPI_FLASH_BufferRead  main.o
    0x0800a7bc   0x00000122   Code   RO         5071    i.SPI_FLASH_BufferWrite  main.o
    0x0800a8de   0x00000002   PAD
    0x0800a8e0   0x000000b8   Code   RO         5073    i.SPI_FLASH_Init    main.o
    0x0800a998   0x00000060   Code   RO         5074    i.SPI_FLASH_PageWrite  main.o
    0x0800a9f8   0x00000044   Code   RO         5078    i.SPI_FLASH_SectorErase  main.o
    0x0800aa3c   0x00000038   Code   RO         5079    i.SPI_FLASH_SendByte  main.o
    0x0800aa74   0x00000030   Code   RO         5082    i.SPI_FLASH_WaitForWriteEnd  main.o
    0x0800aaa4   0x00000020   Code   RO         5083    i.SPI_FLASH_WriteEnable  main.o
    0x0800aac4   0x00000012   Code   RO          340    i.SPI_I2S_GetFlagStatus  stm32lib_include.o
    0x0800aad6   0x00000006   Code   RO          343    i.SPI_I2S_ReceiveData  stm32lib_include.o
    0x0800aadc   0x00000004   Code   RO          344    i.SPI_I2S_SendData  stm32lib_include.o
    0x0800aae0   0x00000040   Code   RO          345    i.SPI_Init          stm32lib_include.o
    0x0800ab20   0x00000002   Code   RO          350    i.SVC_Handler       stm32lib_include.o
    0x0800ab22   0x00000002   PAD
    0x0800ab24   0x0000001c   Code   RO         4840    i.Save_AppConfig    appconfig.o
    0x0800ab40   0x0000002c   Code   RO         4841    i.Save_VoidConfig   appconfig.o
    0x0800ab6c   0x000004f8   Code   RO         5086    i.Sensor_Command    main.o
    0x0800b064   0x00000060   Code   RO         5087    i.Sensor_Init       main.o
    0x0800b0c4   0x00000008   Code   RO          351    i.SetSysClock       stm32lib_include.o
    0x0800b0cc   0x000000dc   Code   RO          352    i.SetSysClockTo72   stm32lib_include.o
    0x0800b1a8   0x000000cc   Code   RO         5089    i.StrToGBK          main.o
    0x0800b274   0x00000024   Code   RO         4155    i.StringCoppy       text.o
    0x0800b298   0x00000042   Code   RO         4156    i.StringEndingAppend  text.o
    0x0800b2da   0x00000030   Code   RO         4163    i.Strstr            text.o
    0x0800b30a   0x00000008   Code   RO          354    i.SysTick_Handler   stm32lib_include.o
    0x0800b312   0x00000002   PAD
    0x0800b314   0x00000060   Code   RO          356    i.SystemInit        stm32lib_include.o
    0x0800b374   0x00000014   Code   RO         5090    i.System_Reset      main.o
    0x0800b388   0x0000000e   Code   RO         5091    i.System_ResetDelay  main.o
    0x0800b396   0x00000002   PAD
    0x0800b398   0x00000020   Code   RO         3187    i.TAMPER_IRQHandler  board_driver.o
    0x0800b3b8   0x00000030   Code   RO         4164    i.TFT_RGB           text.o
    0x0800b3e8   0x00000020   Code   RO         3188    i.TIM1_BRK_IRQHandler  board_driver.o
    0x0800b408   0x00000020   Code   RO         3189    i.TIM1_CC_IRQHandler  board_driver.o
    0x0800b428   0x00000024   Code   RO         3190    i.TIM1_TRG_COM_IRQHandler  board_driver.o
    0x0800b44c   0x00000020   Code   RO         3191    i.TIM1_UP_IRQHandler  board_driver.o
    0x0800b46c   0x0000001c   Code   RO         3192    i.TIM4_IRQHandler   board_driver.o
    0x0800b488   0x0000001c   Code   RO         3193    i.TIM5_IRQHandler   board_driver.o
    0x0800b4a4   0x0000001c   Code   RO         3195    i.TIM7_IRQHandler   board_driver.o
    0x0800b4c0   0x00000020   Code   RO         3196    i.TIM8_BRK_IRQHandler  board_driver.o
    0x0800b4e0   0x00000020   Code   RO         3197    i.TIM8_CC_IRQHandler  board_driver.o
    0x0800b500   0x00000024   Code   RO         3198    i.TIM8_TRG_COM_IRQHandler  board_driver.o
    0x0800b524   0x00000020   Code   RO         3199    i.TIM8_UP_IRQHandler  board_driver.o
    0x0800b544   0x000000c0   Code   RO         5092    i.Task0             main.o
    0x0800b604   0x00000074   Code   RO         5093    i.Task0_Init        main.o
    0x0800b678   0x0000003e   Code   RO         5094    i.TaskBigShow       main.o
    0x0800b6b6   0x00000002   PAD
    0x0800b6b8   0x00000068   Code   RO         5095    i.TaskPlan          main.o
    0x0800b720   0x00000074   Code   RO         4888    i.Task_Arrary       func_face.o
    0x0800b794   0x000000ac   Code   RO         5096    i.Task_AutoReg      main.o
    0x0800b840   0x00000044   Code   RO         5099    i.Task_CleanHistory  main.o
    0x0800b884   0x000000b8   Code   RO         5104    i.Task_HistoryRecord  main.o
    0x0800b93c   0x00000024   Code   RO         4889    i.Task_Join         func_face.o
    0x0800b960   0x00000008   Code   RO         5105    i.Task_LoadConfigs  main.o
    0x0800b968   0x000001a8   Code   RO         5107    i.Task_M26          main.o
    0x0800bb10   0x000001a4   Code   RO         5108    i.Task_Plan         main.o
    0x0800bcb4   0x000000e8   Code   RO         5109    i.Task_PrintfHistory  main.o
    0x0800bd9c   0x0000009c   Code   RO         5112    i.Task_Record       main.o
    0x0800be38   0x00000024   Code   RO         5113    i.Task_SaveConfigs  main.o
    0x0800be5c   0x00000290   Code   RO         5115    i.Task_SendMsg      main.o
    0x0800c0ec   0x0000002a   Code   RO         4165    i.ToHex64           text.o
    0x0800c116   0x00000002   PAD
    0x0800c118   0x00000040   Code   RO         4619    i.Tools_GetCRC16    cheakout.o
    0x0800c158   0x00000038   Code   RO         4620    i.Tools_GetCRC8     cheakout.o
    0x0800c190   0x0000001a   Code   RO         4622    i.Tools_GetXOR8     cheakout.o
    0x0800c1aa   0x00000002   PAD
    0x0800c1ac   0x0000005c   Code   RO         6184    i.Tos_ComputeCPURate  Project.lib(tos.o)
    0x0800c208   0x000000ac   Code   RO         6186    i.Tos_Init          Project.lib(tos.o)
    0x0800c2b4   0x00000020   Code   RO         6187    i.Tos_ListCreate    Project.lib(tos.o)
    0x0800c2d4   0x0000001a   Code   RO         6188    i.Tos_RootTask      Project.lib(tos.o)
    0x0800c2ee   0x00000002   PAD
    0x0800c2f0   0x00000080   Code   RO         6190    i.Tos_Start         Project.lib(tos.o)
    0x0800c370   0x00000064   Code   RO         6191    i.Tos_SysTick       Project.lib(tos.o)
    0x0800c3d4   0x000000d0   Code   RO         6192    i.Tos_TaskCreate    Project.lib(tos.o)
    0x0800c4a4   0x00000064   Code   RO         6193    i.Tos_TaskCreateFindID  Project.lib(tos.o)
    0x0800c508   0x00000060   Code   RO         6194    i.Tos_TaskCreateQmsg  Project.lib(tos.o)
    0x0800c568   0x00000060   Code   RO         6195    i.Tos_TaskDelay     Project.lib(tos.o)
    0x0800c5c8   0x00000040   Code   RO         6531    i.Tos_TaskDropDev   Project.lib(tos_device.o)
    0x0800c608   0x0000008c   Code   RO         6532    i.Tos_TaskGetDev    Project.lib(tos_device.o)
    0x0800c694   0x00000064   Code   RO         6199    i.Tos_TaskGetQMsg   Project.lib(tos.o)
    0x0800c6f8   0x00000080   Code   RO         6202    i.Tos_TaskPutQmsg   Project.lib(tos.o)
    0x0800c778   0x000000c0   Code   RO         6204    i.Tos_TaskReady     Project.lib(tos.o)
    0x0800c838   0x00000034   Code   RO         6205    i.Tos_TaskRecover   Project.lib(tos.o)
    0x0800c86c   0x00000054   Code   RO         6207    i.Tos_TaskRun       Project.lib(tos.o)
    0x0800c8c0   0x0000006e   Code   RO         6209    i.Tos_TaskStackInit  Project.lib(tos.o)
    0x0800c92e   0x00000002   PAD
    0x0800c930   0x00000024   Code   RO         6210    i.Tos_TaskStart     Project.lib(tos.o)
    0x0800c954   0x0000004c   Code   RO         6211    i.Tos_TaskStop      Project.lib(tos.o)
    0x0800c9a0   0x0000007c   Code   RO         6212    i.Tos_TaskSuspend   Project.lib(tos.o)
    0x0800ca1c   0x000000a0   Code   RO         6213    i.Tos_TaskSwitch    Project.lib(tos.o)
    0x0800cabc   0x00000012   Code   RO         6214    i.Tos_TaskTcbInit   Project.lib(tos.o)
    0x0800cace   0x00000002   PAD
    0x0800cad0   0x00000054   Code   RO         6215    i.Tos_TaskTimeout   Project.lib(tos.o)
    0x0800cb24   0x00000064   Code   RO         6687    i.Tos_TimerCreate   Project.lib(tos_timer.o)
    0x0800cb88   0x00000030   Code   RO         6688    i.Tos_TimerDelete   Project.lib(tos_timer.o)
    0x0800cbb8   0x00000054   Code   RO         6689    i.Tos_TimerExecute  Project.lib(tos_timer.o)
    0x0800cc0c   0x00000050   Code   RO         6692    i.Tos_TimerScan     Project.lib(tos_timer.o)
    0x0800cc5c   0x0000003c   Code   RO         6216    i.Tos_WaitDev       Project.lib(tos.o)
    0x0800cc98   0x00000054   Code   RO         3743    i.USART1_IRQHandler  usart_driver.o
    0x0800ccec   0x00000060   Code   RO         3744    i.USART2_IRQHandler  usart_driver.o
    0x0800cd4c   0x00000060   Code   RO         3745    i.USART3_IRQHandler  usart_driver.o
    0x0800cdac   0x00000012   Code   RO          448    i.USART_ClearFlag   stm32lib_include.o
    0x0800cdbe   0x0000001e   Code   RO          449    i.USART_ClearITPendingBit  stm32lib_include.o
    0x0800cddc   0x00000018   Code   RO          452    i.USART_Cmd         stm32lib_include.o
    0x0800cdf4   0x00000058   Code   RO         3746    i.USART_Configuration  usart_driver.o
    0x0800ce4c   0x0000006e   Code   RO         3747    i.USART_ConfigurationAll  usart_driver.o
    0x0800ceba   0x00000002   PAD
    0x0800cebc   0x000000c8   Code   RO         3748    i.USART_GPIO_Init   usart_driver.o
    0x0800cf84   0x00000056   Code   RO         3749    i.USART_GPIO_InitAll  usart_driver.o
    0x0800cfda   0x00000054   Code   RO          456    i.USART_GetITStatus  stm32lib_include.o
    0x0800d02e   0x00000002   PAD
    0x0800d030   0x00000048   Code   RO         3750    i.USART_GetIndex    usart_driver.o
    0x0800d078   0x0000003c   Code   RO         3751    i.USART_GetTypeDef  usart_driver.o
    0x0800d0b4   0x0000004a   Code   RO          458    i.USART_ITConfig    stm32lib_include.o
    0x0800d0fe   0x00000002   PAD
    0x0800d100   0x000000d8   Code   RO          459    i.USART_Init        stm32lib_include.o
    0x0800d1d8   0x0000002e   Code   RO         3752    i.USART_Read        usart_driver.o
    0x0800d206   0x00000002   PAD
    0x0800d208   0x000000b0   Code   RO         3753    i.USART_ReadDatas   usart_driver.o
    0x0800d2b8   0x00000020   Code   RO         3754    i.USART_Write       usart_driver.o
    0x0800d2d8   0x00000012   Code   RO         3755    i.USART_WriteData   usart_driver.o
    0x0800d2ea   0x00000020   Code   RO         3756    i.USART_WriteDatas  usart_driver.o
    0x0800d30a   0x00000036   Code   RO         3757    i.USART_WriteLine   usart_driver.o
    0x0800d340   0x0000000c   Code   RO          477    i.USBWakeUp_IRQHandler  stm32lib_include.o
    0x0800d34c   0x00000004   Code   RO          478    i.UsageFault_Handler  stm32lib_include.o
    0x0800d350   0x00000060   Code   RO         5124    i.W25Q16_EraseThis  main.o
    0x0800d3b0   0x00000014   Code   RO         5127    i.W25Q16_Read       main.o
    0x0800d3c4   0x00000014   Code   RO         5129    i.W25Q16_StdRead    main.o
    0x0800d3d8   0x00000014   Code   RO         5130    i.W25Q16_StdWrite   main.o
    0x0800d3ec   0x0000001c   Code   RO         3200    i.WWDG_IRQHandler   board_driver.o
    0x0800d408   0x00000024   Code   RO         6777    i.__0vsprintf       mc_w.l(printfa.o)
    0x0800d42c   0x0000000e   Code   RO         6907    i.__scatterload_copy  mc_w.l(handlers.o)
    0x0800d43a   0x00000002   Code   RO         6908    i.__scatterload_null  mc_w.l(handlers.o)
    0x0800d43c   0x0000000e   Code   RO         6909    i.__scatterload_zeroinit  mc_w.l(handlers.o)
    0x0800d44a   0x00000002   PAD
    0x0800d44c   0x0000015c   Code   RO         6778    i._fp_digits        mc_w.l(printfa.o)
    0x0800d5a8   0x000006f0   Code   RO         6779    i._printf_core      mc_w.l(printfa.o)
    0x0800dc98   0x00000026   Code   RO         6780    i._printf_post_padding  mc_w.l(printfa.o)
    0x0800dcbe   0x00000030   Code   RO         6781    i._printf_pre_padding  mc_w.l(printfa.o)
    0x0800dcee   0x0000000a   Code   RO         6783    i._sputc            mc_w.l(printfa.o)
    0x0800dcf8   0x00000010   Code   RO         3574    i.delay_us          i2c_driver.o
    0x0800dd08   0x00000054   Code   RO         5139    i.main              main.o
    0x0800dd5c   0x00000200   Data   RO         4623    .constdata          cheakout.o
    0x0800df5c   0x00006c50   Data   RO         5142    .constdata          main.o
    0x08014bac   0x00000236   Data   RO         5143    .conststring        main.o
    0x08014de2   0x00000002   PAD
    0x08014de4   0x00000020   Data   RO         6905    Region$$Table       anon$$obj.o


    Execution Region RW_IRAM1 (Base: 0x20000000, Size: 0x0000a250, Max: 0x0000c000, ABSOLUTE)

    Base Addr    Size         Type   Attr      Idx    E Section Name        Object

    0x20000000   0x00000028   Data   RW          487    .data               stm32lib_include.o
    0x20000028   0x00000014   Data   RW         3759    .data               usart_driver.o
    0x2000003c   0x00000003   Data   RW         3974    .data               debug.o
    0x2000003f   0x00000001   Data   RW         4892    .data               func_face.o
    0x20000040   0x00000041   Data   RW         5144    .data               main.o
    0x20000081   0x00000003   PAD
    0x20000084   0x00000029   Data   RW         6217    .data               Project.lib(tos.o)
    0x200000ad   0x00000003   PAD
    0x200000b0   0x00000008   Data   RW         6533    .data               Project.lib(tos_device.o)
    0x200000b8   0x00000004   Data   RW         6648    .data               Project.lib(tos_mema.o)
    0x200000bc   0x0000003c   Zero   RW         3758    .bss                usart_driver.o
    0x200000f8   0x00000104   Zero   RW         5141    .bss                main.o
    0x200001fc   0x00009c40   Zero   RW         6647    .bss                Project.lib(tos_mema.o)
    0x20009e3c   0x00000014   Zero   RW         6694    .bss                Project.lib(tos_timer.o)
    0x20009e50   0x00000400   Zero   RW         3143    STACK               startup_stm32f10x_hd.o


==============================================================================

Image component sizes


      Code (inc. data)   RO Data    RW Data    ZI Data      Debug   Object Name

       342         16          0          0          0       3681   appconfig.o
      1506        812          0          0          0      33242   board_driver.o
         0          0          0          0          0       2140   can1_driver.o
       146          8        512          0          0       2153   cheakout.o
         0          0          0          0          0         32   core_cm3.o
       552         60          0          3          0       3039   debug.o
       152         12          0          1          0       2133   func_face.o
       622          0          0          0          0       5560   i2c_driver.o
     17010       3394      28294         65        260      73440   main.o
       666          0          0          0          0       2683   modbus.o
        36          8        304          0       1024        740   startup_stm32f10x_hd.o
      2882        198          0         40          0     312591   stm32lib_include.o
      1426         18          0          0          0      12233   text.o
       548        258          0          0          0       3492   tools.o
      1702        230          0         20         60       9582   usart_driver.o

    ----------------------------------------------------------------------
     27664       5014      29144        132       1344     466741   Object Totals
         0          0         32          0          0          0   (incl. Generated)
        74          0          2          3          0          0   (incl. Padding)

    ----------------------------------------------------------------------

      Code (inc. data)   RO Data    RW Data    ZI Data      Debug   Library Member Name

      2274        242          0         41          0     248620   tos.o
        80         10          0          0          0        244   tos_core_a.o
       784        120          0          8          0       4499   tos_device.o
       180         20          0          4      40000       2817   tos_mema.o
       312         26          0          0         20       3378   tos_timer.o
         0          0          0          0          0          0   entry.o
         0          0          0          0          0          0   entry10a.o
         0          0          0          0          0          0   entry11a.o
         8          4          0          0          0          0   entry2.o
         4          0          0          0          0          0   entry5.o
         0          0          0          0          0          0   entry7b.o
         0          0          0          0          0          0   entry8b.o
         8          4          0          0          0          0   entry9a.o
        30          0          0          0          0          0   handlers.o
        36          8          0          0          0         68   init.o
         0          0          0          0          0          0   iusefp.o
        30          0          0          0          0         68   llshl.o
        36          0          0          0          0         68   llsshr.o
        32          0          0          0          0         68   llushr.o
      2256         86          0          0          0        508   printfa.o
        36          0          0          0          0         80   strstr.o
        44          0          0          0          0         80   uidiv.o
        98          0          0          0          0         92   uldiv.o
        40          2          0          0          0         68   cdcmple.o
        40          2          0          0          0         68   cdrcmple.o
        20          0          0          0          0         68   cfcmple.o
        20          0          0          0          0         68   cfrcmple.o
        56          0          0          0          0         88   d2f.o
       334          0          0          0          0        148   dadd.o
       222          0          0          0          0        100   ddiv.o
       190          0          0          0          0        176   depilogue.o
        62          0          0          0          0         80   dfixi.o
        48          0          0          0          0         68   dfixul.o
        26          0          0          0          0         76   dfltui.o
       228          0          0          0          0         96   dmul.o
        38          0          0          0          0         68   f2d.o
       176          0          0          0          0        140   fadd.o
       128          0          0          0          0         88   fdiv.o
       108          0          0          0          0        168   fepilogue.o
        50          0          0          0          0         68   ffixi.o
        40          0          0          0          0         68   ffixui.o
        18          0          0          0          0         68   fflti.o
        10          0          0          0          0         68   ffltui.o
       108          0          0          0          0         76   fmul.o

    ----------------------------------------------------------------------
      8220        524          0         56      40020     262506   Library Totals
        10          0          0          3          0          0   (incl. Padding)

    ----------------------------------------------------------------------

      Code (inc. data)   RO Data    RW Data    ZI Data      Debug   Library Name

      3630        418          0         53      40020     259558   Project.lib
      2618        102          0          0          0       1032   mc_w.l
      1962          4          0          0          0       1916   mf_w.l

    ----------------------------------------------------------------------
      8220        524          0         56      40020     262506   Library Totals

    ----------------------------------------------------------------------

==============================================================================


      Code (inc. data)   RO Data    RW Data    ZI Data      Debug   

     35884       5538      29144        188      41364     710371   Grand Totals
     35884       5538      29144        188      41364     710371   ELF Image Totals
     35884       5538      29144        188          0          0   ROM Totals

==============================================================================

    Total RO  Size (Code + RO Data)                65028 (  63.50kB)
    Total RW  Size (RW Data + ZI Data)             41552 (  40.58kB)
    Total ROM Size (Code + RO Data + RW Data)      65216 (  63.69kB)

==============================================================================

