<html>
<body>
<pre>
<h1>µVision Build Log</h1>
<h2>Project:</h2>
D:\TOM\tos\MDK-STM32F10x\Project.uvproj
Project File Date:  05/25/2016

<h2>Output:</h2>
Build target 'BOARD_TP502T'
linking...
Program Size: Code=35884 RO-data=29144 RW-data=188 ZI-data=41364  
FromELF: creating hex file...
After Build - User command #1: fromelf.exe --bin -o "..\USER\Prj_TP502T\Obj\Project.bin" "..\USER\Prj_TP502T\Obj\Project.axf"
"..\USER\Prj_TP502T\Obj\Project.axf" - 0 Error(s), 0 Warning(s).
</pre>
</body>
</html>
